Component: ARM Compiler 5.06 update 5 (build 528) Tool: armlink [4d35e2]

==============================================================================

Section Cross References

    startup_stm32f10x_md.o(STACK) refers (Special) to heapauxi.o(.text) for __use_two_region_memory
    startup_stm32f10x_md.o(HEAP) refers (Special) to heapauxi.o(.text) for __use_two_region_memory
    startup_stm32f10x_md.o(RESET) refers (Special) to heapauxi.o(.text) for __use_two_region_memory
    startup_stm32f10x_md.o(RESET) refers to startup_stm32f10x_md.o(STACK) for __initial_sp
    startup_stm32f10x_md.o(RESET) refers to startup_stm32f10x_md.o(.text) for Reset_Handler
    startup_stm32f10x_md.o(RESET) refers to stm32f10x_it.o(i.NMI_Handler) for NMI_Handler
    startup_stm32f10x_md.o(RESET) refers to stm32f10x_it.o(i.HardFault_Handler) for HardFault_Handler
    startup_stm32f10x_md.o(RESET) refers to stm32f10x_it.o(i.MemManage_Handler) for MemManage_Handler
    startup_stm32f10x_md.o(RESET) refers to stm32f10x_it.o(i.BusFault_Handler) for BusFault_Handler
    startup_stm32f10x_md.o(RESET) refers to stm32f10x_it.o(i.UsageFault_Handler) for UsageFault_Handler
    startup_stm32f10x_md.o(RESET) refers to port.o(.emb_text) for SVC_Handler
    startup_stm32f10x_md.o(RESET) refers to stm32f10x_it.o(i.DebugMon_Handler) for DebugMon_Handler
    startup_stm32f10x_md.o(RESET) refers to port.o(i.SysTick_Handler) for SysTick_Handler
    startup_stm32f10x_md.o(RESET) refers to reset.o(i.EXTI0_IRQHandler) for EXTI0_IRQHandler
    startup_stm32f10x_md.o(RESET) refers to pc.o(i.USART1_IRQHandler) for USART1_IRQHandler
    startup_stm32f10x_md.o(RESET) refers to wifi.o(i.USART2_IRQHandler) for USART2_IRQHandler
    startup_stm32f10x_md.o(RESET) refers to bluetooth.o(i.USART3_IRQHandler) for USART3_IRQHandler
    startup_stm32f10x_md.o(.text) refers (Special) to heapauxi.o(.text) for __use_two_region_memory
    startup_stm32f10x_md.o(.text) refers to system_stm32f10x.o(i.SystemInit) for SystemInit
    startup_stm32f10x_md.o(.text) refers to __main.o(!!!main) for __main
    startup_stm32f10x_md.o(.text) refers to startup_stm32f10x_md.o(HEAP) for Heap_Mem
    startup_stm32f10x_md.o(.text) refers to startup_stm32f10x_md.o(STACK) for Stack_Mem
    system_stm32f10x.o(i.SetSysClock) refers to system_stm32f10x.o(i.SetSysClockTo72) for SetSysClockTo72
    system_stm32f10x.o(i.SystemCoreClockUpdate) refers to system_stm32f10x.o(.data) for SystemCoreClock
    system_stm32f10x.o(i.SystemInit) refers to system_stm32f10x.o(i.SetSysClock) for SetSysClock
    stm32f10x_adc.o(i.ADC_DeInit) refers to stm32f10x_rcc.o(i.RCC_APB2PeriphResetCmd) for RCC_APB2PeriphResetCmd
    stm32f10x_bkp.o(i.BKP_DeInit) refers to stm32f10x_rcc.o(i.RCC_BackupResetCmd) for RCC_BackupResetCmd
    stm32f10x_can.o(i.CAN_DeInit) refers to stm32f10x_rcc.o(i.RCC_APB1PeriphResetCmd) for RCC_APB1PeriphResetCmd
    stm32f10x_can.o(i.CAN_GetITStatus) refers to stm32f10x_can.o(i.CheckITStatus) for CheckITStatus
    stm32f10x_cec.o(i.CEC_DeInit) refers to stm32f10x_rcc.o(i.RCC_APB1PeriphResetCmd) for RCC_APB1PeriphResetCmd
    stm32f10x_dac.o(i.DAC_DeInit) refers to stm32f10x_rcc.o(i.RCC_APB1PeriphResetCmd) for RCC_APB1PeriphResetCmd
    stm32f10x_flash.o(i.FLASH_EnableWriteProtection) refers to stm32f10x_flash.o(i.FLASH_WaitForLastOperation) for FLASH_WaitForLastOperation
    stm32f10x_flash.o(i.FLASH_EraseAllBank1Pages) refers to stm32f10x_flash.o(i.FLASH_WaitForLastBank1Operation) for FLASH_WaitForLastBank1Operation
    stm32f10x_flash.o(i.FLASH_EraseAllPages) refers to stm32f10x_flash.o(i.FLASH_WaitForLastOperation) for FLASH_WaitForLastOperation
    stm32f10x_flash.o(i.FLASH_EraseOptionBytes) refers to stm32f10x_flash.o(i.FLASH_GetReadOutProtectionStatus) for FLASH_GetReadOutProtectionStatus
    stm32f10x_flash.o(i.FLASH_EraseOptionBytes) refers to stm32f10x_flash.o(i.FLASH_WaitForLastOperation) for FLASH_WaitForLastOperation
    stm32f10x_flash.o(i.FLASH_ErasePage) refers to stm32f10x_flash.o(i.FLASH_WaitForLastOperation) for FLASH_WaitForLastOperation
    stm32f10x_flash.o(i.FLASH_ProgramHalfWord) refers to stm32f10x_flash.o(i.FLASH_WaitForLastOperation) for FLASH_WaitForLastOperation
    stm32f10x_flash.o(i.FLASH_ProgramOptionByteData) refers to stm32f10x_flash.o(i.FLASH_WaitForLastOperation) for FLASH_WaitForLastOperation
    stm32f10x_flash.o(i.FLASH_ProgramWord) refers to stm32f10x_flash.o(i.FLASH_WaitForLastOperation) for FLASH_WaitForLastOperation
    stm32f10x_flash.o(i.FLASH_ReadOutProtection) refers to stm32f10x_flash.o(i.FLASH_WaitForLastOperation) for FLASH_WaitForLastOperation
    stm32f10x_flash.o(i.FLASH_UserOptionByteConfig) refers to stm32f10x_flash.o(i.FLASH_WaitForLastOperation) for FLASH_WaitForLastOperation
    stm32f10x_flash.o(i.FLASH_WaitForLastBank1Operation) refers to stm32f10x_flash.o(i.FLASH_GetBank1Status) for FLASH_GetBank1Status
[...]
    .data                                    0x20000000   Section       20  stm32f10x_rcc.o(.data)
    APBAHBPrescTable                         0x20000000   Data          16  stm32f10x_rcc.o(.data)
    ADCPrescTable                            0x20000010   Data           4  stm32f10x_rcc.o(.data)
    .data                                    0x20000014   Section       28  heap_4.o(.data)
    xStart                                   0x20000014   Data           8  heap_4.o(.data)
    pxEnd                                    0x2000001c   Data           4  heap_4.o(.data)
    xFreeBytesRemaining                      0x20000020   Data           4  heap_4.o(.data)
    xMinimumEverFreeBytesRemaining           0x20000024   Data           4  heap_4.o(.data)
    xNumberOfSuccessfulAllocations           0x20000028   Data           4  heap_4.o(.data)
    xNumberOfSuccessfulFrees                 0x2000002c   Data           4  heap_4.o(.data)
    .data                                    0x20000030   Section        4  port.o(.data)
    uxCriticalNesting                        0x20000030   Data           4  port.o(.data)
    .data                                    0x20000034   Section       64  tasks.o(.data)
    pxDelayedTaskList                        0x20000038   Data           4  tasks.o(.data)
    pxOverflowDelayedTaskList                0x2000003c   Data           4  tasks.o(.data)
    uxDeletedTasksWaitingCleanUp             0x20000040   Data           4  tasks.o(.data)
    uxCurrentNumberOfTasks                   0x20000044   Data           4  tasks.o(.data)
    xTickCount                               0x20000048   Data           4  tasks.o(.data)
    uxTopReadyPriority                       0x2000004c   Data           4  tasks.o(.data)
    xSchedulerRunning                        0x20000050   Data           4  tasks.o(.data)
    xPendedTicks                             0x20000054   Data           4  tasks.o(.data)
    xYieldPendings                           0x20000058   Data           4  tasks.o(.data)
    xNumOfOverflows                          0x2000005c   Data           4  tasks.o(.data)
    uxTaskNumber                             0x20000060   Data           4  tasks.o(.data)
    xNextTaskUnblockTime                     0x20000064   Data           4  tasks.o(.data)
    xIdleTaskHandles                         0x20000068   Data           4  tasks.o(.data)
    uxTopUsedPriority                        0x2000006c   Data           4  tasks.o(.data)
    uxSchedulerSuspended                     0x20000070   Data           4  tasks.o(.data)
    .data                                    0x20000074   Section        4  reset.o(.data)
    .data                                    0x20000078   Section       12  main.o(.data)
    .bss                                     0x20000084   Section    15360  heap_4.o(.bss)
    ucHeap                                   0x20000084   Data       15360  heap_4.o(.bss)
    .bss                                     0x20003c84   Section      200  tasks.o(.bss)
    pxReadyTasksLists                        0x20003c84   Data         100  tasks.o(.bss)
    xDelayedTaskList1                        0x20003ce8   Data          20  tasks.o(.bss)
    xDelayedTaskList2                        0x20003cfc   Data          20  tasks.o(.bss)
    xPendingReadyList                        0x20003d10   Data          20  tasks.o(.bss)
    xTasksWaitingTermination                 0x20003d24   Data          20  tasks.o(.bss)
    xSuspendedTaskList                       0x20003d38   Data          20  tasks.o(.bss)
    .bss                                     0x20003d4c   Section       96  libspace.o(.bss)
    HEAP                                     0x20003db0   Section      512  startup_stm32f10x_md.o(HEAP)
    Heap_Mem                                 0x20003db0   Data         512  startup_stm32f10x_md.o(HEAP)
    STACK                                    0x20003fb0   Section     2048  startup_stm32f10x_md.o(STACK)
    Stack_Mem                                0x20003fb0   Data        2048  startup_stm32f10x_md.o(STACK)
    __initial_sp                             0x200047b0   Data           0  startup_stm32f10x_md.o(STACK)

    Global Symbols

    Symbol Name                              Value     Ov Type        Size  Object(Section)

    BuildAttributes$$THM_ISAv4$P$D$K$B$S$PE$A:L22UL41UL21$X:L11$S22US41US21$IEEE1$IW$USESV6$~STKCKD$USESV7$~SHL$OTIME$ROPI$IEEEJ$EBA8$UX$STANDARDLIB$REQ8$PRES8$EABIv2 0x00000000   Number         0  anon$$obj.o ABSOLUTE
    __ARM_use_no_argv                        0x00000000   Number         0  main.o ABSOLUTE
    _printf_flags                            0x00000000   Number         0  printf_stubs.o ABSOLUTE
    _printf_return_value                     0x00000000   Number         0  printf_stubs.o ABSOLUTE
    _printf_sizespec                         0x00000000   Number         0  printf_stubs.o ABSOLUTE
    _printf_widthprec                        0x00000000   Number         0  printf_stubs.o ABSOLUTE
    __ARM_exceptions_init                     - Undefined Weak Reference
    __alloca_initialize                       - Undefined Weak Reference
    __arm_preinit_                            - Undefined Weak Reference
    __cpp_initialize__aeabi_                  - Undefined Weak Reference
    __cxa_finalize                            - Undefined Weak Reference
    __sigvec_lookup                           - Undefined Weak Reference
    _atexit_init                              - Undefined Weak Reference
    _call_atexit_fns                          - Undefined Weak Reference
    _clock_init                               - Undefined Weak Reference
    _fp_trap_init                             - Undefined Weak Reference
    _fp_trap_shutdown                         - Undefined Weak Reference
    _get_lc_collate                           - Undefined Weak Reference
    _get_lc_monetary                          - Undefined Weak Reference
    _get_lc_time                              - Undefined Weak Reference
    _getenv_init                              - Undefined Weak Reference
    _handle_redirection                       - Undefined Weak Reference
    _init_alloc                               - Undefined Weak Reference
    _init_user_alloc                          - Undefined Weak Reference
    _initio                                   - Undefined Weak Reference
    _printf_mbtowc                            - Undefined Weak Reference
    _printf_wc                                - Undefined Weak Reference
    _rand_init                                - Undefined Weak Reference
    _signal_finish                            - Undefined Weak Reference
    _signal_init                              - Undefined Weak Reference
    _terminate_alloc                          - Undefined Weak Reference
    _terminate_user_alloc                     - Undefined Weak Reference
    _terminateio                              - Undefined Weak Reference
    __Vectors_Size                           0x000000ec   Number         0  startup_stm32f10x_md.o ABSOLUTE
    __Vectors                                0x08000000   Data           4  startup_stm32f10x_md.o(RESET)
    __Vectors_End                            0x080000ec   Data           0  startup_stm32f10x_md.o(RESET)
    __main                                   0x080000ed   Thumb Code     8  __main.o(!!!main)
    __scatterload                            0x080000f5   Thumb Code     0  __scatter.o(!!!scatter)
    __scatterload_rt2                        0x080000f5   Thumb Code    44  __scatter.o(!!!scatter)
    __scatterload_rt2_thumb_only             0x080000f5   Thumb Code     0  __scatter.o(!!!scatter)
    __scatterload_null                       0x08000103   Thumb Code     0  __scatter.o(!!!scatter)
    __scatterload_copy                       0x08000129   Thumb Code    26  __scatter_copy.o(!!handler_copy)
    __scatterload_zeroinit                   0x08000145   Thumb Code    28  __scatter_zi.o(!!handler_zi)
    _printf_n                                0x08000161   Thumb Code     0  _printf_n.o(.ARM.Collect$$_printf_percent$$00000001)
    _printf_percent                          0x08000161   Thumb Code     0  _printf_percent.o(.ARM.Collect$$_printf_percent$$00000000)
    _printf_p                                0x08000167   Thumb Code     0  _printf_p.o(.ARM.Collect$$_printf_percent$$00000002)
    _printf_f                                0x0800016d   Thumb Code     0  _printf_f.o(.ARM.Collect$$_printf_percent$$00000003)
    _printf_e                                0x08000173   Thumb Code     0  _printf_e.o(.ARM.Collect$$_printf_percent$$00000004)
    _printf_g                                0x08000179   Thumb Code     0  _printf_g.o(.ARM.Collect$$_printf_percent$$00000005)
    _printf_a                                0x0800017f   Thumb Code     0  _printf_a.o(.ARM.Collect$$_printf_percent$$00000006)
    _printf_ll                               0x08000185   Thumb Code     0  _printf_ll.o(.ARM.Collect$$_printf_percent$$00000007)
    _printf_i                                0x0800018f   Thumb Code     0  _printf_i.o(.ARM.Collect$$_printf_percent$$00000008)
    _printf_d                                0x08000195   Thumb Code     0  _printf_d.o(.ARM.Collect$$_printf_percent$$00000009)
    _printf_u                                0x0800019b   Thumb Code     0  _printf_u.o(.ARM.Collect$$_printf_percent$$0000000A)
    _printf_o                                0x080001a1   Thumb Code     0  _printf_o.o(.ARM.Collect$$_printf_percent$$0000000B)
    _printf_x                                0x080001a7   Thumb Code     0  _printf_x.o(.ARM.Collect$$_printf_percent$$0000000C)
    _printf_lli                              0x080001ad   Thumb Code     0  _printf_lli.o(.ARM.Collect$$_printf_percent$$0000000D)
    _printf_lld                              0x080001b3   Thumb Code     0  _printf_lld.o(.ARM.Collect$$_printf_percent$$0000000E)
    _printf_llu                              0x080001b9   Thumb Code     0  _printf_llu.o(.ARM.Collect$$_printf_percent$$0000000F)
    _printf_llo                              0x080001bf   Thumb Code     0  _printf_llo.o(.ARM.Collect$$_printf_percent$$00000010)
    _printf_llx                              0x080001c5   Thumb Code     0  _printf_llx.o(.ARM.Collect$$_printf_percent$$00000011)
    _printf_l                                0x080001cb   Thumb Code     0  _printf_l.o(.ARM.Collect$$_printf_percent$$00000012)
    _printf_c                                0x080001d5   Thumb Code     0  _printf_c.o(.ARM.Collect$$_printf_percent$$00000013)
    _printf_s                                0x080001db   Thumb Code     0  _printf_s.o(.ARM.Collect$$_printf_percent$$00000014)
    _printf_lc                               0x080001e1   Thumb Code     0  _printf_lc.o(.ARM.Collect$$_printf_percent$$00000015)
    _printf_ls                               0x080001e7   Thumb Code     0  _printf_ls.o(.ARM.Collect$$_printf_percent$$00000016)
    _printf_percent_end                      0x080001ed   Thumb Code     0  _printf_percent_end.o(.ARM.Collect$$_printf_percent$$00000017)
    __rt_lib_init                            0x080001f1   Thumb Code     0  libinit.o(.ARM.Collect$$libinit$$00000000)
    __rt_lib_init_fp_1                       0x080001f3   Thumb Code     0  libinit2.o(.ARM.Collect$$libinit$$00000002)
    __rt_lib_init_heap_1                     0x080001f3   Thumb Code     0  libinit2.o(.ARM.Collect$$libinit$$0000000A)
    __rt_lib_init_lc_common                  0x080001f3   Thumb Code     0  libinit2.o(.ARM.Collect$$libinit$$0000000F)
    __rt_lib_init_preinit_1                  0x080001f3   Thumb Code     0  libinit2.o(.ARM.Collect$$libinit$$00000004)
    __rt_lib_init_rand_1                     0x080001f3   Thumb Code     0  libinit2.o(.ARM.Collect$$libinit$$0000000E)
    __rt_lib_init_user_alloc_1               0x080001f3   Thumb Code     0  libinit2.o(.ARM.Collect$$libinit$$0000000C)
    __rt_lib_init_lc_collate_1               0x080001f9   Thumb Code     0  libinit2.o(.ARM.Collect$$libinit$$00000011)
    __rt_lib_init_lc_ctype_2                 0x080001f9   Thumb Code     0  libinit2.o(.ARM.Collect$$libinit$$00000012)
    __rt_lib_init_lc_ctype_1                 0x08000205   Thumb Code     0  libinit2.o(.ARM.Collect$$libinit$$00000013)
    __rt_lib_init_lc_monetary_1              0x08000205   Thumb Code     0  libinit2.o(.ARM.Collect$$libinit$$00000015)
    __rt_lib_init_lc_numeric_2               0x08000205   Thumb Code     0  libinit2.o(.ARM.Collect$$libinit$$00000016)
    __rt_lib_init_alloca_1                   0x0800020f   Thumb Code     0  libinit2.o(.ARM.Collect$$libinit$$0000002E)
    __rt_lib_init_argv_1                     0x0800020f   Thumb Code     0  libinit2.o(.ARM.Collect$$libinit$$0000002C)
    __rt_lib_init_atexit_1                   0x0800020f   Thumb Code     0  libinit2.o(.ARM.Collect$$libinit$$0000001B)
    __rt_lib_init_clock_1                    0x0800020f   Thumb Code     0  libinit2.o(.ARM.Collect$$libinit$$00000021)
    __rt_lib_init_cpp_1                      0x0800020f   Thumb Code     0  libinit2.o(.ARM.Collect$$libinit$$00000032)
    __rt_lib_init_exceptions_1               0x0800020f   Thumb Code     0  libinit2.o(.ARM.Collect$$libinit$$00000030)
    __rt_lib_init_fp_trap_1                  0x0800020f   Thumb Code     0  libinit2.o(.ARM.Collect$$libinit$$0000001F)
    __rt_lib_init_getenv_1                   0x0800020f   Thumb Code     0  libinit2.o(.ARM.Collect$$libinit$$00000023)
    __rt_lib_init_lc_numeric_1               0x0800020f   Thumb Code     0  libinit2.o(.ARM.Collect$$libinit$$00000017)
    __rt_lib_init_lc_time_1                  0x0800020f   Thumb Code     0  libinit2.o(.ARM.Collect$$libinit$$00000019)
    __rt_lib_init_return                     0x0800020f   Thumb Code     0  libinit2.o(.ARM.Collect$$libinit$$00000033)
    __rt_lib_init_signal_1                   0x0800020f   Thumb Code     0  libinit2.o(.ARM.Collect$$libinit$$0000001D)
    __rt_lib_init_stdio_1                    0x0800020f   Thumb Code     0  libinit2.o(.ARM.Collect$$libinit$$00000025)
    __rt_lib_shutdown                        0x08000211   Thumb Code     0  libshutdown.o(.ARM.Collect$$libshutdown$$00000000)
    __rt_lib_shutdown_cpp_1                  0x08000213   Thumb Code     0  libshutdown2.o(.ARM.Collect$$libshutdown$$00000002)
    __rt_lib_shutdown_fp_trap_1              0x08000213   Thumb Code     0  libshutdown2.o(.ARM.Collect$$libshutdown$$00000007)
    __rt_lib_shutdown_heap_1                 0x08000213   Thumb Code     0  libshutdown2.o(.ARM.Collect$$libshutdown$$0000000F)
    __rt_lib_shutdown_return                 0x08000213   Thumb Code     0  libshutdown2.o(.ARM.Collect$$libshutdown$$00000010)
    __rt_lib_shutdown_signal_1               0x08000213   Thumb Code     0  libshutdown2.o(.ARM.Collect$$libshutdown$$0000000A)
    __rt_lib_shutdown_stdio_1                0x08000213   Thumb Code     0  libshutdown2.o(.ARM.Collect$$libshutdown$$00000004)
    __rt_lib_shutdown_user_alloc_1           0x08000213   Thumb Code     0  libshutdown2.o(.ARM.Collect$$libshutdown$$0000000C)
    __rt_entry                               0x08000215   Thumb Code     0  __rtentry.o(.ARM.Collect$$rtentry$$00000000)
    __rt_entry_presh_1                       0x08000215   Thumb Code     0  __rtentry2.o(.ARM.Collect$$rtentry$$00000002)
    __rt_entry_sh                            0x08000215   Thumb Code     0  __rtentry4.o(.ARM.Collect$$rtentry$$00000004)
    __rt_entry_li                            0x0800021b   Thumb Code     0  __rtentry2.o(.ARM.Collect$$rtentry$$0000000A)
    __rt_entry_postsh_1                      0x0800021b   Thumb Code     0  __rtentry2.o(.ARM.Collect$$rtentry$$00000009)
    __rt_entry_main                          0x0800021f   Thumb Code     0  __rtentry2.o(.ARM.Collect$$rtentry$$0000000D)
    __rt_entry_postli_1                      0x0800021f   Thumb Code     0  __rtentry2.o(.ARM.Collect$$rtentry$$0000000C)
    __rt_exit                                0x08000227   Thumb Code     0  rtexit.o(.ARM.Collect$$rtexit$$00000000)
    __rt_exit_ls                             0x08000229   Thumb Code     0  rtexit2.o(.ARM.Collect$$rtexit$$00000003)
    __rt_exit_prels_1                        0x08000229   Thumb Code     0  rtexit2.o(.ARM.Collect$$rtexit$$00000002)
    __rt_exit_exit                           0x0800022d   Thumb Code     0  rtexit2.o(.ARM.Collect$$rtexit$$00000004)
    SVC_Handler                              0x08000235   Thumb Code    32  port.o(.emb_text)
    __asm___6_port_c_39a90d8d__prvStartFirstTask 0x08000259   Thumb Code    28  port.o(.emb_text)
    PendSV_Handler                           0x08000279   Thumb Code    72  port.o(.emb_text)
    vPortGetIPSR                             0x080002c5   Thumb Code     6  port.o(.emb_text)
    Reset_Handler                            0x080002cd   Thumb Code     8  startup_stm32f10x_md.o(.text)
    ADC1_2_IRQHandler                        0x080002e7   Thumb Code     0  startup_stm32f10x_md.o(.text)
    CAN1_RX1_IRQHandler                      0x080002e7   Thumb Code     0  startup_stm32f10x_md.o(.text)
    CAN1_SCE_IRQHandler                      0x080002e7   Thumb Code     0  startup_stm32f10x_md.o(.text)
    DMA1_Channel1_IRQHandler                 0x080002e7   Thumb Code     0  startup_stm32f10x_md.o(.text)
    DMA1_Channel2_IRQHandler                 0x080002e7   Thumb Code     0  startup_stm32f10x_md.o(.text)
    DMA1_Channel3_IRQHandler                 0x080002e7   Thumb Code     0  startup_stm32f10x_md.o(.text)
    DMA1_Channel4_IRQHandler                 0x080002e7   Thumb Code     0  startup_stm32f10x_md.o(.text)
    DMA1_Channel5_IRQHandler                 0x080002e7   Thumb Code     0  startup_stm32f10x_md.o(.text)
    DMA1_Channel6_IRQHandler                 0x080002e7   Thumb Code     0  startup_stm32f10x_md.o(.text)
    DMA1_Channel7_IRQHandler                 0x080002e7   Thumb Code     0  startup_stm32f10x_md.o(.text)
    EXTI15_10_IRQHandler                     0x080002e7   Thumb Code     0  startup_stm32f10x_md.o(.text)
    EXTI1_IRQHandler                         0x080002e7   Thumb Code     0  startup_stm32f10x_md.o(.text)
    EXTI2_IRQHandler                         0x080002e7   Thumb Code     0  startup_stm32f10x_md.o(.text)
    EXTI3_IRQHandler                         0x080002e7   Thumb Code     0  startup_stm32f10x_md.o(.text)
    EXTI4_IRQHandler                         0x080002e7   Thumb Code     0  startup_stm32f10x_md.o(.text)
    EXTI9_5_IRQHandler                       0x080002e7   Thumb Code     0  startup_stm32f10x_md.o(.text)
    FLASH_IRQHandler                         0x080002e7   Thumb Code     0  startup_stm32f10x_md.o(.text)
    I2C1_ER_IRQHandler                       0x080002e7   Thumb Code     0  startup_stm32f10x_md.o(.text)
    I2C1_EV_IRQHandler                       0x080002e7   Thumb Code     0  startup_stm32f10x_md.o(.text)
    I2C2_ER_IRQHandler                       0x080002e7   Thumb Code     0  startup_stm32f10x_md.o(.text)
    I2C2_EV_IRQHandler                       0x080002e7   Thumb Code     0  startup_stm32f10x_md.o(.text)
    PVD_IRQHandler                           0x080002e7   Thumb Code     0  startup_stm32f10x_md.o(.text)
    RCC_IRQHandler                           0x080002e7   Thumb Code     0  startup_stm32f10x_md.o(.text)
    RTCAlarm_IRQHandler                      0x080002e7   Thumb Code     0  startup_stm32f10x_md.o(.text)
    RTC_IRQHandler                           0x080002e7   Thumb Code     0  startup_stm32f10x_md.o(.text)
    SPI1_IRQHandler                          0x080002e7   Thumb Code     0  startup_stm32f10x_md.o(.text)
    SPI2_IRQHandler                          0x080002e7   Thumb Code     0  startup_stm32f10x_md.o(.text)
    TAMPER_IRQHandler                        0x080002e7   Thumb Code     0  startup_stm32f10x_md.o(.text)
    TIM1_BRK_IRQHandler                      0x080002e7   Thumb Code     0  startup_stm32f10x_md.o(.text)
    TIM1_CC_IRQHandler                       0x080002e7   Thumb Code     0  startup_stm32f10x_md.o(.text)
    TIM1_TRG_COM_IRQHandler                  0x080002e7   Thumb Code     0  startup_stm32f10x_md.o(.text)
    TIM1_UP_IRQHandler                       0x080002e7   Thumb Code     0  startup_stm32f10x_md.o(.text)
    TIM2_IRQHandler                          0x080002e7   Thumb Code     0  startup_stm32f10x_md.o(.text)
    TIM3_IRQHandler                          0x080002e7   Thumb Code     0  startup_stm32f10x_md.o(.text)
    TIM4_IRQHandler                          0x080002e7   Thumb Code     0  startup_stm32f10x_md.o(.text)
    USBWakeUp_IRQHandler                     0x080002e7   Thumb Code     0  startup_stm32f10x_md.o(.text)
    USB_HP_CAN1_TX_IRQHandler                0x080002e7   Thumb Code     0  startup_stm32f10x_md.o(.text)
    USB_LP_CAN1_RX0_IRQHandler               0x080002e7   Thumb Code     0  startup_stm32f10x_md.o(.text)
    WWDG_IRQHandler                          0x080002e7   Thumb Code     0  startup_stm32f10x_md.o(.text)
    __user_initial_stackheap                 0x080002e9   Thumb Code     0  startup_stm32f10x_md.o(.text)
    vsprintf                                 0x0800030d   Thumb Code    32  vsprintf.o(.text)
    __2sprintf                               0x08000331   Thumb Code    38  __2sprintf.o(.text)
    _printf_str                              0x0800035d   Thumb Code    82  _printf_str.o(.text)
    _printf_int_dec                          0x080003b1   Thumb Code   104  _printf_dec.o(.text)
    __printf                                 0x08000429   Thumb Code   388  __printf_flags_ss_wp.o(.text)
    strlen                                   0x080005b1   Thumb Code    62  strlen.o(.text)
    strncmp                                  0x080005ef   Thumb Code   150  strncmp.o(.text)
    strcat                                   0x08000685   Thumb Code    24  strcat.o(.text)
    __aeabi_memcpy                           0x0800069d   Thumb Code     0  rt_memcpy_v6.o(.text)
    __rt_memcpy                              0x0800069d   Thumb Code   138  rt_memcpy_v6.o(.text)
    _memcpy_lastbytes                        0x08000703   Thumb Code     0  rt_memcpy_v6.o(.text)
    __aeabi_memset                           0x08000727   Thumb Code    16  aeabi_memset.o(.text)
    __aeabi_memclr                           0x08000737   Thumb Code     0  rt_memclr.o(.text)
    __rt_memclr                              0x08000737   Thumb Code    68  rt_memclr.o(.text)
    _memset                                  0x0800073b   Thumb Code     0  rt_memclr.o(.text)
    __aeabi_memclr4                          0x0800077b   Thumb Code     0  rt_memclr_w.o(.text)
    __aeabi_memclr8                          0x0800077b   Thumb Code     0  rt_memclr_w.o(.text)
    __rt_memclr_w                            0x0800077b   Thumb Code    78  rt_memclr_w.o(.text)
    _memset_w                                0x0800077f   Thumb Code     0  rt_memclr_w.o(.text)
    __use_two_region_memory                  0x080007c9   Thumb Code     2  heapauxi.o(.text)
    __rt_heap_escrow$2region                 0x080007cb   Thumb Code     2  heapauxi.o(.text)
    __rt_heap_expand$2region                 0x080007cd   Thumb Code     2  heapauxi.o(.text)
    _printf_pre_padding                      0x080007cf   Thumb Code    44  _printf_pad.o(.text)
    _printf_post_padding                     0x080007fb   Thumb Code    34  _printf_pad.o(.text)
    _printf_truncate_signed                  0x0800081d   Thumb Code    18  _printf_truncate.o(.text)
    _printf_truncate_unsigned                0x0800082f   Thumb Code    18  _printf_truncate.o(.text)
    _printf_int_common                       0x08000841   Thumb Code   178  _printf_intcommon.o(.text)
    _printf_charcount                        0x080008f3   Thumb Code    40  _printf_charcount.o(.text)
    _printf_char_common                      0x08000927   Thumb Code    32  _printf_char_common.o(.text)
    _sputc                                   0x0800094d   Thumb Code    10  _sputc.o(.text)
    _printf_cs_common                        0x08000957   Thumb Code    20  _printf_char.o(.text)
    _printf_char                             0x0800096b   Thumb Code    16  _printf_char.o(.text)
    _printf_string                           0x0800097b   Thumb Code     8  _printf_char.o(.text)
    _printf_wctomb                           0x08000985   Thumb Code   182  _printf_wctomb.o(.text)
    _printf_longlong_dec                     0x08000a41   Thumb Code   108  _printf_longlong_dec.o(.text)
    _printf_longlong_oct                     0x08000abd   Thumb Code    66  _printf_oct_int_ll.o(.text)
    _printf_int_oct                          0x08000aff   Thumb Code    24  _printf_oct_int_ll.o(.text)
    _printf_ll_oct                           0x08000b17   Thumb Code    12  _printf_oct_int_ll.o(.text)
    _printf_longlong_hex                     0x08000b2d   Thumb Code    86  _printf_hex_int_ll_ptr.o(.text)
    _printf_int_hex                          0x08000b83   Thumb Code    28  _printf_hex_int_ll_ptr.o(.text)
    _printf_ll_hex                           0x08000b9f   Thumb Code    12  _printf_hex_int_ll_ptr.o(.text)
    _printf_hex_ptr                          0x08000bab   Thumb Code    18  _printf_hex_int_ll_ptr.o(.text)
    __aeabi_memcpy4                          0x08000bc1   Thumb Code     0  rt_memcpy_w.o(.text)
    __aeabi_memcpy8                          0x08000bc1   Thumb Code     0  rt_memcpy_w.o(.text)
    __rt_memcpy_w                            0x08000bc1   Thumb Code   100  rt_memcpy_w.o(.text)
    _memcpy_lastbytes_aligned                0x08000c09   Thumb Code     0  rt_memcpy_w.o(.text)
    _ll_udiv10                               0x08000c25   Thumb Code   138  lludiv10.o(.text)
    __lib_sel_fp_printf                      0x08000caf   Thumb Code     2  _printf_fp_dec.o(.text)
    _printf_fp_dec_real                      0x08000e61   Thumb Code   620  _printf_fp_dec.o(.text)
    _printf_fp_hex_real                      0x080010cd   Thumb Code   756  _printf_fp_hex.o(.text)
    _printf_lcs_common                       0x080013c9   Thumb Code    20  _printf_wchar.o(.text)
    _printf_wchar                            0x080013dd   Thumb Code    16  _printf_wchar.o(.text)
    _printf_wstring                          0x080013ed   Thumb Code     8  _printf_wchar.o(.text)
    _wcrtomb                                 0x080013f5   Thumb Code    64  _wcrtomb.o(.text)
    __user_setup_stackheap                   0x08001435   Thumb Code    74  sys_stackheap_outer.o(.text)
    __rt_ctype_table                         0x08001481   Thumb Code    16  rt_ctype_table.o(.text)
    __rt_locale                              0x08001491   Thumb Code     8  rt_locale_intlibspace.o(.text)
    _printf_fp_infnan                        0x08001499   Thumb Code   112  _printf_fp_infnan.o(.text)
    _btod_etento                             0x08001519   Thumb Code   224  bigflt0.o(.text)
    exit                                     0x080015fd   Thumb Code    18  exit.o(.text)
    __user_libspace                          0x08001611   Thumb Code     8  libspace.o(.text)
    __user_perproc_libspace                  0x08001611   Thumb Code     0  libspace.o(.text)
    __user_perthread_libspace                0x08001611   Thumb Code     0  libspace.o(.text)
    strcmp                                   0x08001619   Thumb Code   128  strcmpv7m.o(.text)
    _sys_exit                                0x08001699   Thumb Code     8  sys_exit.o(.text)
    __I$use$semihosting                      0x080016a5   Thumb Code     0  use_no_semi.o(.text)
    __use_no_semihosting_swi                 0x080016a5   Thumb Code     2  use_no_semi.o(.text)
    __semihosting_library_function           0x080016a7   Thumb Code     0  indicate_semi.o(.text)
    _btod_d2e                                0x080016a7   Thumb Code    62  btod.o(CL$$btod_d2e)
    _d2e_denorm_low                          0x080016e5   Thumb Code    70  btod.o(CL$$btod_d2e_denorm_low)
    _d2e_norm_op1                            0x0800172b   Thumb Code    96  btod.o(CL$$btod_d2e_norm_op1)
    __btod_div_common                        0x0800178b   Thumb Code   696  btod.o(CL$$btod_div_common)
    _e2e                                     0x08001ac3   Thumb Code   220  btod.o(CL$$btod_e2e)
    _btod_ediv                               0x08001b9f   Thumb Code    42  btod.o(CL$$btod_ediv)
    _btod_emul                               0x08001bc9   Thumb Code    42  btod.o(CL$$btod_emul)
    __btod_mult_common                       0x08001bf3   Thumb Code   580  btod.o(CL$$btod_mult_common)
    ADC_Cmd                                  0x08001e37   Thumb Code    22  stm32f10x_adc.o(i.ADC_Cmd)
    ADC_GetCalibrationStatus                 0x08001e4d   Thumb Code    20  stm32f10x_adc.o(i.ADC_GetCalibrationStatus)
    ADC_GetConversionValue                   0x08001e61   Thumb Code     8  stm32f10x_adc.o(i.ADC_GetConversionValue)
    ADC_GetFlagStatus                        0x08001e69   Thumb Code    18  stm32f10x_adc.o(i.ADC_GetFlagStatus)
    ADC_GetResetCalibrationStatus            0x08001e7b   Thumb Code    20  stm32f10x_adc.o(i.ADC_GetResetCalibrationStatus)
    ADC_Init                                 0x08001e91   Thumb Code    70  stm32f10x_adc.o(i.ADC_Init)
    ADC_RegularChannelConfig                 0x08001ee1   Thumb Code   184  stm32f10x_adc.o(i.ADC_RegularChannelConfig)
    ADC_ResetCalibration                     0x08001f99   Thumb Code    10  stm32f10x_adc.o(i.ADC_ResetCalibration)
    ADC_SoftwareStartConvCmd                 0x08001fa3   Thumb Code    22  stm32f10x_adc.o(i.ADC_SoftwareStartConvCmd)
    ADC_StartCalibration                     0x08001fb9   Thumb Code    10  stm32f10x_adc.o(i.ADC_StartCalibration)
    AD_GetValue                              0x08001fc5   Thumb Code    46  sensor.o(i.AD_GetValue)
    BlueTooth_Init                           0x08001ff9   Thumb Code   128  bluetooth.o(i.BlueTooth_Init)
    BlueTooth_NVIC                           0x08002081   Thumb Code    46  bluetooth.o(i.BlueTooth_NVIC)
    BusFault_Handler                         0x080020b5   Thumb Code     4  stm32f10x_it.o(i.BusFault_Handler)
    DebugMon_Handler                         0x080020b9   Thumb Code     2  stm32f10x_it.o(i.DebugMon_Handler)
    Delay_Init                               0x080020bb   Thumb Code    54  delay.o(i.Delay_Init)
    Delay_ms                                 0x080020f1   Thumb Code    26  delay.o(i.Delay_ms)
    Delay_us                                 0x0800210b   Thumb Code    30  delay.o(i.Delay_us)
    EXTI0_IRQHandler                         0x08002129   Thumb Code   104  reset.o(i.EXTI0_IRQHandler)
    EXTI_GetITStatus                         0x080021ad   Thumb Code    34  stm32f10x_exti.o(i.EXTI_GetITStatus)
    EXTI_Init                                0x080021d5   Thumb Code   142  stm32f10x_exti.o(i.EXTI_Init)
    FLASH_ErasePage                          0x08002269   Thumb Code    72  stm32f10x_flash.o(i.FLASH_ErasePage)
    FLASH_GetBank1Status                     0x080022b5   Thumb Code    48  stm32f10x_flash.o(i.FLASH_GetBank1Status)
    FLASH_Lock                               0x080022e9   Thumb Code    14  stm32f10x_flash.o(i.FLASH_Lock)
    FLASH_ProgramWord                        0x080022fd   Thumb Code   102  stm32f10x_flash.o(i.FLASH_ProgramWord)
    FLASH_Unlock                             0x08002369   Thumb Code    12  stm32f10x_flash.o(i.FLASH_Unlock)
    FLASH_WaitForLastOperation               0x08002381   Thumb Code    38  stm32f10x_flash.o(i.FLASH_WaitForLastOperation)
    GPIO_EXTILineConfig                      0x080023a9   Thumb Code    60  stm32f10x_gpio.o(i.GPIO_EXTILineConfig)
    GPIO_Init                                0x080023e9   Thumb Code   278  stm32f10x_gpio.o(i.GPIO_Init)
    GPIO_ReadInputDataBit                    0x080024ff   Thumb Code    18  stm32f10x_gpio.o(i.GPIO_ReadInputDataBit)
    GPIO_ReadOutputDataBit                   0x08002511   Thumb Code    18  stm32f10x_gpio.o(i.GPIO_ReadOutputDataBit)
    GPIO_ResetBits                           0x08002523   Thumb Code     4  stm32f10x_gpio.o(i.GPIO_ResetBits)
    GPIO_SetBits                             0x08002527   Thumb Code     4  stm32f10x_gpio.o(i.GPIO_SetBits)
    GPIO_WriteBit                            0x0800252b   Thumb Code    10  stm32f10x_gpio.o(i.GPIO_WriteBit)
    HardFault_Handler                        0x08002535   Thumb Code     4  stm32f10x_it.o(i.HardFault_Handler)
    IWDG_Enable                              0x08002539   Thumb Code    10  stm32f10x_iwdg.o(i.IWDG_Enable)
    IWDG_ReloadCounter                       0x08002549   Thumb Code    10  stm32f10x_iwdg.o(i.IWDG_ReloadCounter)
    IWDG_SetPrescaler                        0x08002559   Thumb Code     6  stm32f10x_iwdg.o(i.IWDG_SetPrescaler)
    IWDG_SetReload                           0x08002565   Thumb Code     6  stm32f10x_iwdg.o(i.IWDG_SetReload)
    IWDG_WriteAccessCmd                      0x08002571   Thumb Code     6  stm32f10x_iwdg.o(i.IWDG_WriteAccessCmd)
    Init                                     0x0800257d   Thumb Code   116  init.o(i.Init)
    Light_Init                               0x080025fd   Thumb Code    48  light.o(i.Light_Init)
    MemManage_Handler                        0x08002631   Thumb Code     4  stm32f10x_it.o(i.MemManage_Handler)
    NMI_Handler                              0x08002635   Thumb Code     2  stm32f10x_it.o(i.NMI_Handler)
    NVIC_Init                                0x08002639   Thumb Code   100  misc.o(i.NVIC_Init)
    NVIC_PriorityGroupConfig                 0x080026a9   Thumb Code    10  misc.o(i.NVIC_PriorityGroupConfig)
    OLED_Clear                               0x080026e1   Thumb Code    42  oled.o(i.OLED_Clear)
    OLED_I2C_Init                            0x0800270d   Thumb Code    76  oled.o(i.OLED_I2C_Init)
    OLED_I2C_SendByte                        0x0800275d   Thumb Code    88  oled.o(i.OLED_I2C_SendByte)
    OLED_I2C_Start                           0x080027b9   Thumb Code    48  oled.o(i.OLED_I2C_Start)
    OLED_I2C_Stop                            0x080027ed   Thumb Code    36  oled.o(i.OLED_I2C_Stop)
    OLED_Init                                0x08002815   Thumb Code   174  oled.o(i.OLED_Init)
    OLED_SetCursor                           0x080028c3   Thumb Code    34  oled.o(i.OLED_SetCursor)
    OLED_WriteCommand                        0x080028e5   Thumb Code    32  oled.o(i.OLED_WriteCommand)
    OLED_WriteData                           0x08002905   Thumb Code    32  oled.o(i.OLED_WriteData)
    PC_Init                                  0x08002925   Thumb Code   170  pc.o(i.PC_Init)
    PC_SendByte                              0x080029d9   Thumb Code    28  pc.o(i.PC_SendByte)
    RCC_ADCCLKConfig                         0x080029f9   Thumb Code    18  stm32f10x_rcc.o(i.RCC_ADCCLKConfig)
    RCC_APB1PeriphClockCmd                   0x08002a11   Thumb Code    26  stm32f10x_rcc.o(i.RCC_APB1PeriphClockCmd)
    RCC_APB2PeriphClockCmd                   0x08002a31   Thumb Code    26  stm32f10x_rcc.o(i.RCC_APB2PeriphClockCmd)
    RCC_GetClocksFreq                        0x08002a51   Thumb Code   192  stm32f10x_rcc.o(i.RCC_GetClocksFreq)
    Reset_Init                               0x08002b25   Thumb Code   112  reset.o(i.Reset_Init)
    Sensor_Init                              0x08002b99   Thumb Code   138  sensor.o(i.Sensor_Init)
    SysTick_Handler                          0x08002d15   Thumb Code    46  port.o(i.SysTick_Handler)
    SystemInit                               0x08002d49   Thumb Code    78  system_stm32f10x.o(i.SystemInit)
    TIM_Cmd                                  0x08002da9   Thumb Code    24  stm32f10x_tim.o(i.TIM_Cmd)
    TIM_GetCounter                           0x08002dc1   Thumb Code     6  stm32f10x_tim.o(i.TIM_GetCounter)
    TIM_SetCounter                           0x08002dc7   Thumb Code     4  stm32f10x_tim.o(i.TIM_SetCounter)
    TIM_TimeBaseInit                         0x08002dcd   Thumb Code   122  stm32f10x_tim.o(i.TIM_TimeBaseInit)
    USART1_IRQHandler                        0x08002e71   Thumb Code    42  pc.o(i.USART1_IRQHandler)
    USART2_IRQHandler                        0x08002ea5   Thumb Code    58  wifi.o(i.USART2_IRQHandler)
    USART3_IRQHandler                        0x08002ee9   Thumb Code    58  bluetooth.o(i.USART3_IRQHandler)
    USART_ClearITPendingBit                  0x08002f2d   Thumb Code    30  stm32f10x_usart.o(i.USART_ClearITPendingBit)
    USART_Cmd                                0x08002f4b   Thumb Code    24  stm32f10x_usart.o(i.USART_Cmd)
    USART_GetFlagStatus                      0x08002f63   Thumb Code    26  stm32f10x_usart.o(i.USART_GetFlagStatus)
    USART_GetITStatus                        0x08002f7d   Thumb Code    84  stm32f10x_usart.o(i.USART_GetITStatus)
    USART_ITConfig                           0x08002fd1   Thumb Code    74  stm32f10x_usart.o(i.USART_ITConfig)
    USART_Init                               0x0800301d   Thumb Code   210  stm32f10x_usart.o(i.USART_Init)
    USART_ReceiveData                        0x080030f5   Thumb Code    10  stm32f10x_usart.o(i.USART_ReceiveData)
    USART_SendData                           0x080030ff   Thumb Code     8  stm32f10x_usart.o(i.USART_SendData)
    UsageFault_Handler                       0x08003107   Thumb Code     4  stm32f10x_it.o(i.UsageFault_Handler)
    WIFI_Init                                0x0800310d   Thumb Code   124  wifi.o(i.WIFI_Init)
    WIFI_NVIC                                0x08003191   Thumb Code    46  wifi.o(i.WIFI_NVIC)
    WarningTone_Init                         0x080031c5   Thumb Code    50  warningtone.o(i.WarningTone_Init)
    __ARM_fpclassify                         0x080031fd   Thumb Code    40  fpclassify.o(i.__ARM_fpclassify)
    _is_digit                                0x08003225   Thumb Code    14  __printf_wp.o(i._is_digit)
    beginSendCommand                         0x08003235   Thumb Code   112  wifi.o(i.beginSendCommand)
    blueToothSendByte                        0x080032b9   Thumb Code    28  bluetooth.o(i.blueToothSendByte)
    changeFlashFor32                         0x080032d9   Thumb Code    24  flash.o(i.changeFlashFor32)
    changeLight                              0x080032f1   Thumb Code    32  light.o(i.changeLight)
    changeWarningTone                        0x08003315   Thumb Code    30  warningtone.o(i.changeWarningTone)
    cipCommand                               0x08003339   Thumb Code   112  wifi.o(i.cipCommand)
    closeCipCommand                          0x080033bd   Thumb Code   112  wifi.o(i.closeCipCommand)
    closeLight                               0x08003441   Thumb Code    16  light.o(i.closeLight)
    closeTCPCommand                          0x08003455   Thumb Code   112  wifi.o(i.closeTCPCommand)
    closeWarningTone                         0x080034d9   Thumb Code    14  warningtone.o(i.closeWarningTone)
    command                                  0x080034ed   Thumb Code   210  wifi.o(i.command)
    dogInit                                  0x08003679   Thumb Code    32  dog.o(i.dogInit)
    endsWithStr                              0x08003699   Thumb Code    68  utils.o(i.endsWithStr)
    exitSendCommand                          0x080036dd   Thumb Code    28  wifi.o(i.exitSendCommand)
    flashClean                               0x080036fd   Thumb Code    18  flash.o(i.flashClean)
    getFlashStatus                           0x08003715   Thumb Code     6  flash.o(i.getFlashStatus)
    getLinkedStatus                          0x08003721   Thumb Code   118  wifi.o(i.getLinkedStatus)
    getMSG                                   0x080037c5   Thumb Code    92  sensor.o(i.getMSG)
    hasStr                                   0x08003881   Thumb Code    80  utils.o(i.hasStr)
    main                                     0x080038d1   Thumb Code    56  main.o(i.main)
    mainTask                                 0x08003929   Thumb Code   138  main.o(i.mainTask)
    messageToApp                             0x08003a19   Thumb Code    34  bluetooth.o(i.messageToApp)
    messageUpload                            0x08003a55   Thumb Code    26  wifi.o(i.messageUpload)
    netWorkCommand                           0x08003a71   Thumb Code   224  wifi.o(i.netWorkCommand)
    openLight                                0x08003b8d   Thumb Code    16  light.o(i.openLight)
    openWarningTone                          0x08003ba1   Thumb Code    14  warningtone.o(i.openWarningTone)
    printf1                                  0x08003bb5   Thumb Code    56  pc.o(i.printf1)
    pvPortMalloc                             0x08004275   Thumb Code   234  heap_4.o(i.pvPortMalloc)
    pxPortInitialiseStack                    0x08004375   Thumb Code    30  port.o(i.pxPortInitialiseStack)
    readBlueTooth                            0x08004399   Thumb Code    86  bluetooth.o(i.readBlueTooth)
    readFlash                                0x0800440d   Thumb Code    20  flash.o(i.readFlash)
    sendToALIYun                             0x08004425   Thumb Code    84  wifi.o(i.sendToALIYun)
    setFlash                                 0x08004519   Thumb Code    40  flash.o(i.setFlash)
    startTone                                0x08004545   Thumb Code    28  warningtone.o(i.startTone)
    tcpCommand                               0x08004561   Thumb Code   112  wifi.o(i.tcpCommand)
    tipsTask                                 0x08004601   Thumb Code   128  main.o(i.tipsTask)
    uxListRemove                             0x08004685   Thumb Code    40  list.o(i.uxListRemove)
    uxTaskGetNumberOfTasks                   0x080046ad   Thumb Code     6  tasks.o(i.uxTaskGetNumberOfTasks)
    vListInitialise                          0x080046b9   Thumb Code    26  list.o(i.vListInitialise)
    vListInitialiseItem                      0x080046d3   Thumb Code     6  list.o(i.vListInitialiseItem)
    vListInsert                              0x080046d9   Thumb Code    52  list.o(i.vListInsert)
    vPortEnterCritical                       0x0800470d   Thumb Code    30  port.o(i.vPortEnterCritical)
    vPortExitCritical                        0x08004731   Thumb Code    28  port.o(i.vPortExitCritical)
    vPortFree                                0x08004751   Thumb Code    68  heap_4.o(i.vPortFree)
    vPortSetupTimerInterrupt                 0x0800479d   Thumb Code    20  port.o(i.vPortSetupTimerInterrupt)
    vTaskDelay                               0x080047b5   Thumb Code    46  tasks.o(i.vTaskDelay)
    vTaskInternalSetTimeOutState             0x080047e9   Thumb Code    14  tasks.o(i.vTaskInternalSetTimeOutState)
    vTaskMissedYield                         0x08004801   Thumb Code     8  tasks.o(i.vTaskMissedYield)
    vTaskPlaceOnEventList                    0x0800480d   Thumb Code    28  tasks.o(i.vTaskPlaceOnEventList)
    vTaskStartScheduler                      0x0800482d   Thumb Code    60  tasks.o(i.vTaskStartScheduler)
    vTaskSuspendAll                          0x08004879   Thumb Code    12  tasks.o(i.vTaskSuspendAll)
    vTaskSwitchContext                       0x08004889   Thumb Code    84  tasks.o(i.vTaskSwitchContext)
    wifiSendAtCommand                        0x080048f1   Thumb Code    26  wifi.o(i.wifiSendAtCommand)
    wifiSendByte                             0x0800490d   Thumb Code    28  wifi.o(i.wifiSendByte)
    xPortStartScheduler                      0x0800492d   Thumb Code    42  port.o(i.xPortStartScheduler)
    xQueueGenericCreate                      0x08004961   Thumb Code    76  queue.o(i.xQueueGenericCreate)
    xQueueGenericReset                       0x080049ad   Thumb Code   156  queue.o(i.xQueueGenericReset)
    xQueueGenericSend                        0x08004a4d   Thumb Code   276  queue.o(i.xQueueGenericSend)
    xQueueGenericSendFromISR                 0x08004b65   Thumb Code   154  queue.o(i.xQueueGenericSendFromISR)
    xQueueReceive                            0x08004c01   Thumb Code   256  queue.o(i.xQueueReceive)
    xTaskCheckForTimeOut                     0x08004d05   Thumb Code    88  tasks.o(i.xTaskCheckForTimeOut)
    xTaskCreate                              0x08004d65   Thumb Code    56  tasks.o(i.xTaskCreate)
    xTaskGetTickCount                        0x08004d9d   Thumb Code     6  tasks.o(i.xTaskGetTickCount)
    xTaskIncrementTick                       0x08004da9   Thumb Code   372  tasks.o(i.xTaskIncrementTick)
    xTaskRemoveFromEventList                 0x08004f49   Thumb Code   256  tasks.o(i.xTaskRemoveFromEventList)
    xTaskResumeAll                           0x08005061   Thumb Code   344  tasks.o(i.xTaskResumeAll)
    _get_lc_numeric                          0x080051dd   Thumb Code    44  lc_numeric_c.o(locale$$code)
    _get_lc_ctype                            0x08005209   Thumb Code    44  lc_ctype_c.o(locale$$code)
    _printf_fp_dec                           0x08005235   Thumb Code     4  printf1.o(x$fpl$printf1)
    _printf_fp_hex                           0x08005239   Thumb Code     4  printf2.o(x$fpl$printf2)
    __I$use$fp                               0x0800523c   Number         0  usenofp.o(x$fpl$usenofp)
    Region$$Table$$Base                      0x0800533c   Number         0  anon$$obj.o(Region$$Table)
    Region$$Table$$Limit                     0x0800535c   Number         0  anon$$obj.o(Region$$Table)
    __ctype                                  0x08005385   Data           0  lc_ctype_c.o(locale$$data)
    pxCurrentTCB                             0x20000034   Data           4  tasks.o(.data)
    times                                    0x20000074   Data           4  reset.o(.data)
    queueBlueTooth                           0x20000078   Data           4  main.o(.data)
    queueWIFI                                0x2000007c   Data           4  main.o(.data)
    tipsQueue                                0x20000080   Data           4  main.o(.data)
    __libspace_start                         0x20003d4c   Data          96  libspace.o(.bss)
    __temporary_stack_top$libspace           0x20003dac   Data           0  libspace.o(.bss)



==============================================================================

Memory Map of the image

  Image Entry point : 0x080000ed

  Load Region LR_IROM1 (Base: 0x08000000, Size: 0x0000550c, Max: 0x00010000, ABSOLUTE)

    Execution Region ER_IROM1 (Exec base: 0x08000000, Load base: 0x08000000, Size: 0x00005488, Max: 0x00010000, ABSOLUTE)

    Exec Addr    Load Addr    Size         Type   Attr      Idx    E Section Name        Object

    0x08000000   0x08000000   0x000000ec   Data   RO           19    RESET               startup_stm32f10x_md.o
    0x080000ec   0x080000ec   0x00000008   Code   RO         5017  * !!!main             c_w.l(__main.o)
    0x080000f4   0x080000f4   0x00000034   Code   RO         5311    !!!scatter          c_w.l(__scatter.o)
    0x08000128   0x08000128   0x0000001a   Code   RO         5313    !!handler_copy      c_w.l(__scatter_copy.o)
    0x08000142   0x08000142   0x00000002   PAD
    0x08000144   0x08000144   0x0000001c   Code   RO         5315    !!handler_zi        c_w.l(__scatter_zi.o)
    0x08000160   0x08000160   0x00000000   Code   RO         5000    .ARM.Collect$$_printf_percent$$00000000  c_w.l(_printf_percent.o)
    0x08000160   0x08000160   0x00000006   Code   RO         5067    .ARM.Collect$$_printf_percent$$00000001  c_w.l(_printf_n.o)
    0x08000166   0x08000166   0x00000006   Code   RO         5069    .ARM.Collect$$_printf_percent$$00000002  c_w.l(_printf_p.o)
    0x0800016c   0x0800016c   0x00000006   Code   RO         5073    .ARM.Collect$$_printf_percent$$00000003  c_w.l(_printf_f.o)
    0x08000172   0x08000172   0x00000006   Code   RO         5074    .ARM.Collect$$_printf_percent$$00000004  c_w.l(_printf_e.o)
    0x08000178   0x08000178   0x00000006   Code   RO         5075    .ARM.Collect$$_printf_percent$$00000005  c_w.l(_printf_g.o)
    0x0800017e   0x0800017e   0x00000006   Code   RO         5076    .ARM.Collect$$_printf_percent$$00000006  c_w.l(_printf_a.o)
    0x08000184   0x08000184   0x0000000a   Code   RO         5081    .ARM.Collect$$_printf_percent$$00000007  c_w.l(_printf_ll.o)
    0x0800018e   0x0800018e   0x00000006   Code   RO         5071    .ARM.Collect$$_printf_percent$$00000008  c_w.l(_printf_i.o)
    0x08000194   0x08000194   0x00000006   Code   RO         5072    .ARM.Collect$$_printf_percent$$00000009  c_w.l(_printf_d.o)
    0x0800019a   0x0800019a   0x00000006   Code   RO         4999    .ARM.Collect$$_printf_percent$$0000000A  c_w.l(_printf_u.o)
    0x080001a0   0x080001a0   0x00000006   Code   RO         5070    .ARM.Collect$$_printf_percent$$0000000B  c_w.l(_printf_o.o)
    0x080001a6   0x080001a6   0x00000006   Code   RO         5068    .ARM.Collect$$_printf_percent$$0000000C  c_w.l(_printf_x.o)
    0x080001ac   0x080001ac   0x00000006   Code   RO         5078    .ARM.Collect$$_printf_percent$$0000000D  c_w.l(_printf_lli.o)
    0x080001b2   0x080001b2   0x00000006   Code   RO         5079    .ARM.Collect$$_printf_percent$$0000000E  c_w.l(_printf_lld.o)
    0x080001b8   0x080001b8   0x00000006   Code   RO         5080    .ARM.Collect$$_printf_percent$$0000000F  c_w.l(_printf_llu.o)
    0x080001be   0x080001be   0x00000006   Code   RO         5085    .ARM.Collect$$_printf_percent$$00000010  c_w.l(_printf_llo.o)
    0x080001c4   0x080001c4   0x00000006   Code   RO         5086    .ARM.Collect$$_printf_percent$$00000011  c_w.l(_printf_llx.o)
    0x080001ca   0x080001ca   0x0000000a   Code   RO         5082    .ARM.Collect$$_printf_percent$$00000012  c_w.l(_printf_l.o)
    0x080001d4   0x080001d4   0x00000006   Code   RO         5066    .ARM.Collect$$_printf_percent$$00000013  c_w.l(_printf_c.o)
    0x080001da   0x080001da   0x00000006   Code   RO         4998    .ARM.Collect$$_printf_percent$$00000014  c_w.l(_printf_s.o)
    0x080001e0   0x080001e0   0x00000006   Code   RO         5083    .ARM.Collect$$_printf_percent$$00000015  c_w.l(_printf_lc.o)
    0x080001e6   0x080001e6   0x00000006   Code   RO         5084    .ARM.Collect$$_printf_percent$$00000016  c_w.l(_printf_ls.o)
    0x080001ec   0x080001ec   0x00000004   Code   RO         5077    .ARM.Collect$$_printf_percent$$00000017  c_w.l(_printf_percent_end.o)
    0x080001f0   0x080001f0   0x00000002   Code   RO         5171    .ARM.Collect$$libinit$$00000000  c_w.l(libinit.o)
    0x080001f2   0x080001f2   0x00000000   Code   RO         5188    .ARM.Collect$$libinit$$00000002  c_w.l(libinit2.o)
    0x080001f2   0x080001f2   0x00000000   Code   RO         5190    .ARM.Collect$$libinit$$00000004  c_w.l(libinit2.o)
    0x080001f2   0x080001f2   0x00000000   Code   RO         5193    .ARM.Collect$$libinit$$0000000A  c_w.l(libinit2.o)
    0x080001f2   0x080001f2   0x00000000   Code   RO         5195    .ARM.Collect$$libinit$$0000000C  c_w.l(libinit2.o)
    0x080001f2   0x080001f2   0x00000000   Code   RO         5197    .ARM.Collect$$libinit$$0000000E  c_w.l(libinit2.o)
    0x080001f2   0x080001f2   0x00000006   Code   RO         5198    .ARM.Collect$$libinit$$0000000F  c_w.l(libinit2.o)
    0x080001f8   0x080001f8   0x00000000   Code   RO         5200    .ARM.Collect$$libinit$$00000011  c_w.l(libinit2.o)
    0x080001f8   0x080001f8   0x0000000c   Code   RO         5201    .ARM.Collect$$libinit$$00000012  c_w.l(libinit2.o)
    0x08000204   0x08000204   0x00000000   Code   RO         5202    .ARM.Collect$$libinit$$00000013  c_w.l(libinit2.o)
    0x08000204   0x08000204   0x00000000   Code   RO         5204    .ARM.Collect$$libinit$$00000015  c_w.l(libinit2.o)
    0x08000204   0x08000204   0x0000000a   Code   RO         5205    .ARM.Collect$$libinit$$00000016  c_w.l(libinit2.o)
    0x0800020e   0x0800020e   0x00000000   Code   RO         5206    .ARM.Collect$$libinit$$00000017  c_w.l(libinit2.o)
    0x0800020e   0x0800020e   0x00000000   Code   RO         5208    .ARM.Collect$$libinit$$00000019  c_w.l(libinit2.o)
    0x0800020e   0x0800020e   0x00000000   Code   RO         5210    .ARM.Collect$$libinit$$0000001B  c_w.l(libinit2.o)
    0x0800020e   0x0800020e   0x00000000   Code   RO         5212    .ARM.Collect$$libinit$$0000001D  c_w.l(libinit2.o)
    0x0800020e   0x0800020e   0x00000000   Code   RO         5214    .ARM.Collect$$libinit$$0000001F  c_w.l(libinit2.o)
    0x0800020e   0x0800020e   0x00000000   Code   RO         5216    .ARM.Collect$$libinit$$00000021  c_w.l(libinit2.o)
    0x0800020e   0x0800020e   0x00000000   Code   RO         5218    .ARM.Collect$$libinit$$00000023  c_w.l(libinit2.o)
    0x0800020e   0x0800020e   0x00000000   Code   RO         5220    .ARM.Collect$$libinit$$00000025  c_w.l(libinit2.o)
    0x0800020e   0x0800020e   0x00000000   Code   RO         5224    .ARM.Collect$$libinit$$0000002C  c_w.l(libinit2.o)
    0x0800020e   0x0800020e   0x00000000   Code   RO         5226    .ARM.Collect$$libinit$$0000002E  c_w.l(libinit2.o)
    0x0800020e   0x0800020e   0x00000000   Code   RO         5228    .ARM.Collect$$libinit$$00000030  c_w.l(libinit2.o)
    0x0800020e   0x0800020e   0x00000000   Code   RO         5230    .ARM.Collect$$libinit$$00000032  c_w.l(libinit2.o)
    0x0800020e   0x0800020e   0x00000002   Code   RO         5231    .ARM.Collect$$libinit$$00000033  c_w.l(libinit2.o)
    0x08000210   0x08000210   0x00000002   Code   RO         5251    .ARM.Collect$$libshutdown$$00000000  c_w.l(libshutdown.o)
    0x08000212   0x08000212   0x00000000   Code   RO         5264    .ARM.Collect$$libshutdown$$00000002  c_w.l(libshutdown2.o)
    0x08000212   0x08000212   0x00000000   Code   RO         5266    .ARM.Collect$$libshutdown$$00000004  c_w.l(libshutdown2.o)
    0x08000212   0x08000212   0x00000000   Code   RO         5269    .ARM.Collect$$libshutdown$$00000007  c_w.l(libshutdown2.o)
    0x08000212   0x08000212   0x00000000   Code   RO         5272    .ARM.Collect$$libshutdown$$0000000A  c_w.l(libshutdown2.o)
    0x08000212   0x08000212   0x00000000   Code   RO         5274    .ARM.Collect$$libshutdown$$0000000C  c_w.l(libshutdown2.o)
    0x08000212   0x08000212   0x00000000   Code   RO         5277    .ARM.Collect$$libshutdown$$0000000F  c_w.l(libshutdown2.o)
    0x08000212   0x08000212   0x00000002   Code   RO         5278    .ARM.Collect$$libshutdown$$00000010  c_w.l(libshutdown2.o)
    0x08000214   0x08000214   0x00000000   Code   RO         5019    .ARM.Collect$$rtentry$$00000000  c_w.l(__rtentry.o)
    0x08000214   0x08000214   0x00000000   Code   RO         5098    .ARM.Collect$$rtentry$$00000002  c_w.l(__rtentry2.o)
    0x08000214   0x08000214   0x00000006   Code   RO         5110    .ARM.Collect$$rtentry$$00000004  c_w.l(__rtentry4.o)
    0x0800021a   0x0800021a   0x00000000   Code   RO         5100    .ARM.Collect$$rtentry$$00000009  c_w.l(__rtentry2.o)
    0x0800021a   0x0800021a   0x00000004   Code   RO         5101    .ARM.Collect$$rtentry$$0000000A  c_w.l(__rtentry2.o)
    0x0800021e   0x0800021e   0x00000000   Code   RO         5103    .ARM.Collect$$rtentry$$0000000C  c_w.l(__rtentry2.o)
    0x0800021e   0x0800021e   0x00000008   Code   RO         5104    .ARM.Collect$$rtentry$$0000000D  c_w.l(__rtentry2.o)
    0x08000226   0x08000226   0x00000002   Code   RO         5180    .ARM.Collect$$rtexit$$00000000  c_w.l(rtexit.o)
    0x08000228   0x08000228   0x00000000   Code   RO         5233    .ARM.Collect$$rtexit$$00000002  c_w.l(rtexit2.o)
    0x08000228   0x08000228   0x00000004   Code   RO         5234    .ARM.Collect$$rtexit$$00000003  c_w.l(rtexit2.o)
    0x0800022c   0x0800022c   0x00000006   Code   RO         5235    .ARM.Collect$$rtexit$$00000004  c_w.l(rtexit2.o)
    0x08000232   0x08000232   0x00000002   PAD
    0x08000234   0x08000234   0x00000096   Code   RO         3493    .emb_text           port.o
    0x080002ca   0x080002ca   0x00000002   PAD
    0x080002cc   0x080002cc   0x00000040   Code   RO           20    .text               startup_stm32f10x_md.o
    0x0800030c   0x0800030c   0x00000024   Code   RO         4966    .text               c_w.l(vsprintf.o)
    0x08000330   0x08000330   0x0000002c   Code   RO         4968    .text               c_w.l(__2sprintf.o)
    0x0800035c   0x0800035c   0x00000052   Code   RO         4974    .text               c_w.l(_printf_str.o)
    0x080003ae   0x080003ae   0x00000002   PAD
    0x080003b0   0x080003b0   0x00000078   Code   RO         4976    .text               c_w.l(_printf_dec.o)
    0x08000428   0x08000428   0x00000188   Code   RO         4995    .text               c_w.l(__printf_flags_ss_wp.o)
    0x080005b0   0x080005b0   0x0000003e   Code   RO         5001    .text               c_w.l(strlen.o)
    0x080005ee   0x080005ee   0x00000096   Code   RO         5003    .text               c_w.l(strncmp.o)
    0x08000684   0x08000684   0x00000018   Code   RO         5005    .text               c_w.l(strcat.o)
    0x0800069c   0x0800069c   0x0000008a   Code   RO         5007    .text               c_w.l(rt_memcpy_v6.o)
    0x08000726   0x08000726   0x00000010   Code   RO         5009    .text               c_w.l(aeabi_memset.o)
    0x08000736   0x08000736   0x00000044   Code   RO         5011    .text               c_w.l(rt_memclr.o)
    0x0800077a   0x0800077a   0x0000004e   Code   RO         5013    .text               c_w.l(rt_memclr_w.o)
    0x080007c8   0x080007c8   0x00000006   Code   RO         5015    .text               c_w.l(heapauxi.o)
    0x080007ce   0x080007ce   0x0000004e   Code   RO         5020    .text               c_w.l(_printf_pad.o)
    0x0800081c   0x0800081c   0x00000024   Code   RO         5022    .text               c_w.l(_printf_truncate.o)
    0x08000840   0x08000840   0x000000b2   Code   RO         5024    .text               c_w.l(_printf_intcommon.o)
    0x080008f2   0x080008f2   0x00000028   Code   RO         5026    .text               c_w.l(_printf_charcount.o)
    0x0800091a   0x0800091a   0x00000002   PAD
    0x0800091c   0x0800091c   0x00000030   Code   RO         5028    .text               c_w.l(_printf_char_common.o)
    0x0800094c   0x0800094c   0x0000000a   Code   RO         5030    .text               c_w.l(_sputc.o)
    0x08000956   0x08000956   0x0000002c   Code   RO         5032    .text               c_w.l(_printf_char.o)
    0x08000982   0x08000982   0x00000002   PAD
    0x08000984   0x08000984   0x000000bc   Code   RO         5034    .text               c_w.l(_printf_wctomb.o)
    0x08000a40   0x08000a40   0x0000007c   Code   RO         5037    .text               c_w.l(_printf_longlong_dec.o)
    0x08000abc   0x08000abc   0x00000070   Code   RO         5043    .text               c_w.l(_printf_oct_int_ll.o)
    0x08000b2c   0x08000b2c   0x00000094   Code   RO         5063    .text               c_w.l(_printf_hex_int_ll_ptr.o)
    0x08000bc0   0x08000bc0   0x00000064   Code   RO         5087    .text               c_w.l(rt_memcpy_w.o)
    0x08000c24   0x08000c24   0x0000008a   Code   RO         5112    .text               c_w.l(lludiv10.o)
    0x08000cae   0x08000cae   0x0000041e   Code   RO         5114    .text               c_w.l(_printf_fp_dec.o)
    0x080010cc   0x080010cc   0x000002fc   Code   RO         5116    .text               c_w.l(_printf_fp_hex.o)
    0x080013c8   0x080013c8   0x0000002c   Code   RO         5121    .text               c_w.l(_printf_wchar.o)
    0x080013f4   0x080013f4   0x00000040   Code   RO         5123    .text               c_w.l(_wcrtomb.o)
    0x08001434   0x08001434   0x0000004a   Code   RO         5125    .text               c_w.l(sys_stackheap_outer.o)
    0x0800147e   0x0800147e   0x00000002   PAD
    0x08001480   0x08001480   0x00000010   Code   RO         5127    .text               c_w.l(rt_ctype_table.o)
    0x08001490   0x08001490   0x00000008   Code   RO         5132    .text               c_w.l(rt_locale_intlibspace.o)
    0x08001498   0x08001498   0x00000080   Code   RO         5134    .text               c_w.l(_printf_fp_infnan.o)
    0x08001518   0x08001518   0x000000e4   Code   RO         5136    .text               c_w.l(bigflt0.o)
    0x080015fc   0x080015fc   0x00000012   Code   RO         5164    .text               c_w.l(exit.o)
    0x0800160e   0x0800160e   0x00000002   PAD
    0x08001610   0x08001610   0x00000008   Code   RO         5177    .text               c_w.l(libspace.o)
    0x08001618   0x08001618   0x00000080   Code   RO         5185    .text               c_w.l(strcmpv7m.o)
    0x08001698   0x08001698   0x0000000c   Code   RO         5243    .text               c_w.l(sys_exit.o)
    0x080016a4   0x080016a4   0x00000002   Code   RO         5254    .text               c_w.l(use_no_semi.o)
    0x080016a6   0x080016a6   0x00000000   Code   RO         5256    .text               c_w.l(indicate_semi.o)
    0x080016a6   0x080016a6   0x0000003e   Code   RO         5139    CL$$btod_d2e        c_w.l(btod.o)
    0x080016e4   0x080016e4   0x00000046   Code   RO         5141    CL$$btod_d2e_denorm_low  c_w.l(btod.o)
    0x0800172a   0x0800172a   0x00000060   Code   RO         5140    CL$$btod_d2e_norm_op1  c_w.l(btod.o)
    0x0800178a   0x0800178a   0x00000338   Code   RO         5149    CL$$btod_div_common  c_w.l(btod.o)
    0x08001ac2   0x08001ac2   0x000000dc   Code   RO         5146    CL$$btod_e2e        c_w.l(btod.o)
    0x08001b9e   0x08001b9e   0x0000002a   Code   RO         5143    CL$$btod_ediv       c_w.l(btod.o)
    0x08001bc8   0x08001bc8   0x0000002a   Code   RO         5142    CL$$btod_emul       c_w.l(btod.o)
    0x08001bf2   0x08001bf2   0x00000244   Code   RO         5148    CL$$btod_mult_common  c_w.l(btod.o)
    0x08001e36   0x08001e36   0x00000016   Code   RO          202    i.ADC_Cmd           stm32f10x_adc.o
    0x08001e4c   0x08001e4c   0x00000014   Code   RO          210    i.ADC_GetCalibrationStatus  stm32f10x_adc.o
    0x08001e60   0x08001e60   0x00000008   Code   RO          211    i.ADC_GetConversionValue  stm32f10x_adc.o
    0x08001e68   0x08001e68   0x00000012   Code   RO          213    i.ADC_GetFlagStatus  stm32f10x_adc.o
    0x08001e7a   0x08001e7a   0x00000014   Code   RO          216    i.ADC_GetResetCalibrationStatus  stm32f10x_adc.o
    0x08001e8e   0x08001e8e   0x00000002   PAD
    0x08001e90   0x08001e90   0x00000050   Code   RO          220    i.ADC_Init          stm32f10x_adc.o
    0x08001ee0   0x08001ee0   0x000000b8   Code   RO          224    i.ADC_RegularChannelConfig  stm32f10x_adc.o
    0x08001f98   0x08001f98   0x0000000a   Code   RO          225    i.ADC_ResetCalibration  stm32f10x_adc.o
    0x08001fa2   0x08001fa2   0x00000016   Code   RO          227    i.ADC_SoftwareStartConvCmd  stm32f10x_adc.o
    0x08001fb8   0x08001fb8   0x0000000a   Code   RO          229    i.ADC_StartCalibration  stm32f10x_adc.o
    0x08001fc2   0x08001fc2   0x00000002   PAD
    0x08001fc4   0x08001fc4   0x00000034   Code   RO         4636    i.AD_GetValue       sensor.o
    0x08001ff8   0x08001ff8   0x00000088   Code   RO         4539    i.BlueTooth_Init    bluetooth.o
    0x08002080   0x08002080   0x00000034   Code   RO         4540    i.BlueTooth_NVIC    bluetooth.o
    0x080020b4   0x080020b4   0x00000004   Code   RO         1665    i.BusFault_Handler  stm32f10x_it.o
    0x080020b8   0x080020b8   0x00000002   Code   RO         1666    i.DebugMon_Handler  stm32f10x_it.o
    0x080020ba   0x080020ba   0x00000036   Code   RO         4275    i.Delay_Init        delay.o
    0x080020f0   0x080020f0   0x0000001a   Code   RO         4276    i.Delay_ms          delay.o
    0x0800210a   0x0800210a   0x0000001e   Code   RO         4277    i.Delay_us          delay.o
    0x08002128   0x08002128   0x00000084   Code   RO         4831    i.EXTI0_IRQHandler  reset.o
    0x080021ac   0x080021ac   0x00000028   Code   RO          989    i.EXTI_GetITStatus  stm32f10x_exti.o
    0x080021d4   0x080021d4   0x00000094   Code   RO          990    i.EXTI_Init         stm32f10x_exti.o
    0x08002268   0x08002268   0x0000004c   Code   RO         1046    i.FLASH_ErasePage   stm32f10x_flash.o
    0x080022b4   0x080022b4   0x00000034   Code   RO         1047    i.FLASH_GetBank1Status  stm32f10x_flash.o
    0x080022e8   0x080022e8   0x00000014   Code   RO         1056    i.FLASH_Lock        stm32f10x_flash.o
    0x080022fc   0x080022fc   0x0000006c   Code   RO         1061    i.FLASH_ProgramWord  stm32f10x_flash.o
    0x08002368   0x08002368   0x00000018   Code   RO         1064    i.FLASH_Unlock      stm32f10x_flash.o
    0x08002380   0x08002380   0x00000026   Code   RO         1068    i.FLASH_WaitForLastOperation  stm32f10x_flash.o
    0x080023a6   0x080023a6   0x00000002   PAD
    0x080023a8   0x080023a8   0x00000040   Code   RO         1344    i.GPIO_EXTILineConfig  stm32f10x_gpio.o
    0x080023e8   0x080023e8   0x00000116   Code   RO         1347    i.GPIO_Init         stm32f10x_gpio.o
    0x080024fe   0x080024fe   0x00000012   Code   RO         1351    i.GPIO_ReadInputDataBit  stm32f10x_gpio.o
    0x08002510   0x08002510   0x00000012   Code   RO         1353    i.GPIO_ReadOutputDataBit  stm32f10x_gpio.o
    0x08002522   0x08002522   0x00000004   Code   RO         1354    i.GPIO_ResetBits    stm32f10x_gpio.o
    0x08002526   0x08002526   0x00000004   Code   RO         1355    i.GPIO_SetBits      stm32f10x_gpio.o
    0x0800252a   0x0800252a   0x0000000a   Code   RO         1358    i.GPIO_WriteBit     stm32f10x_gpio.o
    0x08002534   0x08002534   0x00000004   Code   RO         1667    i.HardFault_Handler  stm32f10x_it.o
    0x08002538   0x08002538   0x00000010   Code   RO         1710    i.IWDG_Enable       stm32f10x_iwdg.o
    0x08002548   0x08002548   0x00000010   Code   RO         1712    i.IWDG_ReloadCounter  stm32f10x_iwdg.o
    0x08002558   0x08002558   0x0000000c   Code   RO         1713    i.IWDG_SetPrescaler  stm32f10x_iwdg.o
    0x08002564   0x08002564   0x0000000c   Code   RO         1714    i.IWDG_SetReload    stm32f10x_iwdg.o
    0x08002570   0x08002570   0x0000000c   Code   RO         1715    i.IWDG_WriteAccessCmd  stm32f10x_iwdg.o
    0x0800257c   0x0800257c   0x00000080   Code   RO         4624    i.Init              init.o
    0x080025fc   0x080025fc   0x00000034   Code   RO         4765    i.Light_Init        light.o
    0x08002630   0x08002630   0x00000004   Code   RO         1668    i.MemManage_Handler  stm32f10x_it.o
    0x08002634   0x08002634   0x00000002   Code   RO         1669    i.NMI_Handler       stm32f10x_it.o
    0x08002636   0x08002636   0x00000002   PAD
    0x08002638   0x08002638   0x00000070   Code   RO          137    i.NVIC_Init         misc.o
    0x080026a8   0x080026a8   0x00000014   Code   RO          138    i.NVIC_PriorityGroupConfig  misc.o
    0x080026bc   0x080026bc   0x00000024   Code   RO         4832    i.NVIC_SystemReset  reset.o
    0x080026e0   0x080026e0   0x0000002a   Code   RO         4660    i.OLED_Clear        oled.o
    0x0800270a   0x0800270a   0x00000002   PAD
    0x0800270c   0x0800270c   0x00000050   Code   RO         4661    i.OLED_I2C_Init     oled.o
    0x0800275c   0x0800275c   0x0000005c   Code   RO         4662    i.OLED_I2C_SendByte  oled.o
    0x080027b8   0x080027b8   0x00000034   Code   RO         4663    i.OLED_I2C_Start    oled.o
    0x080027ec   0x080027ec   0x00000028   Code   RO         4664    i.OLED_I2C_Stop     oled.o
    0x08002814   0x08002814   0x000000ae   Code   RO         4665    i.OLED_Init         oled.o
    0x080028c2   0x080028c2   0x00000022   Code   RO         4667    i.OLED_SetCursor    oled.o
    0x080028e4   0x080028e4   0x00000020   Code   RO         4674    i.OLED_WriteCommand  oled.o
    0x08002904   0x08002904   0x00000020   Code   RO         4675    i.OLED_WriteData    oled.o
    0x08002924   0x08002924   0x000000b4   Code   RO         4387    i.PC_Init           pc.o
    0x080029d8   0x080029d8   0x00000020   Code   RO         4388    i.PC_SendByte       pc.o
    0x080029f8   0x080029f8   0x00000018   Code   RO         1818    i.RCC_ADCCLKConfig  stm32f10x_rcc.o
    0x08002a10   0x08002a10   0x00000020   Code   RO         1820    i.RCC_APB1PeriphClockCmd  stm32f10x_rcc.o
    0x08002a30   0x08002a30   0x00000020   Code   RO         1822    i.RCC_APB2PeriphClockCmd  stm32f10x_rcc.o
    0x08002a50   0x08002a50   0x000000d4   Code   RO         1830    i.RCC_GetClocksFreq  stm32f10x_rcc.o
    0x08002b24   0x08002b24   0x00000074   Code   RO         4833    i.Reset_Init        reset.o
    0x08002b98   0x08002b98   0x00000094   Code   RO         4637    i.Sensor_Init       sensor.o
    0x08002c2c   0x08002c2c   0x00000008   Code   RO           24    i.SetSysClock       system_stm32f10x.o
    0x08002c34   0x08002c34   0x000000e0   Code   RO           25    i.SetSysClockTo72   system_stm32f10x.o
    0x08002d14   0x08002d14   0x00000034   Code   RO         3494    i.SysTick_Handler   port.o
    0x08002d48   0x08002d48   0x00000060   Code   RO           27    i.SystemInit        system_stm32f10x.o
    0x08002da8   0x08002da8   0x00000018   Code   RO         2466    i.TIM_Cmd           stm32f10x_tim.o
    0x08002dc0   0x08002dc0   0x00000006   Code   RO         2485    i.TIM_GetCounter    stm32f10x_tim.o
    0x08002dc6   0x08002dc6   0x00000004   Code   RO         2531    i.TIM_SetCounter    stm32f10x_tim.o
    0x08002dca   0x08002dca   0x00000002   PAD
    0x08002dcc   0x08002dcc   0x000000a4   Code   RO         2537    i.TIM_TimeBaseInit  stm32f10x_tim.o
    0x08002e70   0x08002e70   0x00000034   Code   RO         4389    i.USART1_IRQHandler  pc.o
    0x08002ea4   0x08002ea4   0x00000044   Code   RO         4424    i.USART2_IRQHandler  wifi.o
    0x08002ee8   0x08002ee8   0x00000044   Code   RO         4541    i.USART3_IRQHandler  bluetooth.o
    0x08002f2c   0x08002f2c   0x0000001e   Code   RO         3002    i.USART_ClearITPendingBit  stm32f10x_usart.o
    0x08002f4a   0x08002f4a   0x00000018   Code   RO         3005    i.USART_Cmd         stm32f10x_usart.o
    0x08002f62   0x08002f62   0x0000001a   Code   RO         3008    i.USART_GetFlagStatus  stm32f10x_usart.o
    0x08002f7c   0x08002f7c   0x00000054   Code   RO         3009    i.USART_GetITStatus  stm32f10x_usart.o
    0x08002fd0   0x08002fd0   0x0000004a   Code   RO         3011    i.USART_ITConfig    stm32f10x_usart.o
    0x0800301a   0x0800301a   0x00000002   PAD
    0x0800301c   0x0800301c   0x000000d8   Code   RO         3012    i.USART_Init        stm32f10x_usart.o
    0x080030f4   0x080030f4   0x0000000a   Code   RO         3019    i.USART_ReceiveData  stm32f10x_usart.o
    0x080030fe   0x080030fe   0x00000008   Code   RO         3022    i.USART_SendData    stm32f10x_usart.o
    0x08003106   0x08003106   0x00000004   Code   RO         1670    i.UsageFault_Handler  stm32f10x_it.o
    0x0800310a   0x0800310a   0x00000002   PAD
    0x0800310c   0x0800310c   0x00000084   Code   RO         4425    i.WIFI_Init         wifi.o
    0x08003190   0x08003190   0x00000034   Code   RO         4426    i.WIFI_NVIC         wifi.o
    0x080031c4   0x080031c4   0x00000038   Code   RO         4795    i.WarningTone_Init  warningtone.o
    0x080031fc   0x080031fc   0x00000028   Code   RO         5175    i.__ARM_fpclassify  m_ws.l(fpclassify.o)
    0x08003224   0x08003224   0x0000000e   Code   RO         4988    i._is_digit         c_w.l(__printf_wp.o)
    0x08003232   0x08003232   0x00000002   PAD
    0x08003234   0x08003234   0x00000084   Code   RO         4428    i.beginSendCommand  wifi.o
    0x080032b8   0x080032b8   0x00000020   Code   RO         4542    i.blueToothSendByte  bluetooth.o
    0x080032d8   0x080032d8   0x00000018   Code   RO         4588    i.changeFlashFor32  flash.o
    0x080032f0   0x080032f0   0x00000024   Code   RO         4766    i.changeLight       light.o
    0x08003314   0x08003314   0x00000024   Code   RO         4796    i.changeWarningTone  warningtone.o
    0x08003338   0x08003338   0x00000084   Code   RO         4429    i.cipCommand        wifi.o
    0x080033bc   0x080033bc   0x00000084   Code   RO         4430    i.closeCipCommand   wifi.o
    0x08003440   0x08003440   0x00000014   Code   RO         4767    i.closeLight        light.o
    0x08003454   0x08003454   0x00000084   Code   RO         4431    i.closeTCPCommand   wifi.o
    0x080034d8   0x080034d8   0x00000014   Code   RO         4797    i.closeWarningTone  warningtone.o
    0x080034ec   0x080034ec   0x0000018c   Code   RO         4432    i.command           wifi.o
    0x08003678   0x08003678   0x00000020   Code   RO         4879    i.dogInit           dog.o
    0x08003698   0x08003698   0x00000044   Code   RO         4861    i.endsWithStr       utils.o
    0x080036dc   0x080036dc   0x00000020   Code   RO         4433    i.exitSendCommand   wifi.o
    0x080036fc   0x080036fc   0x00000018   Code   RO         4589    i.flashClean        flash.o
    0x08003714   0x08003714   0x0000000c   Code   RO         4590    i.getFlashStatus    flash.o
    0x08003720   0x08003720   0x000000a4   Code   RO         4434    i.getLinkedStatus   wifi.o
    0x080037c4   0x080037c4   0x000000bc   Code   RO         4638    i.getMSG            sensor.o
    0x08003880   0x08003880   0x00000050   Code   RO         4862    i.hasStr            utils.o
    0x080038d0   0x080038d0   0x00000058   Code   RO         4891    i.main              main.o
    0x08003928   0x08003928   0x000000f0   Code   RO         4892    i.mainTask          main.o
    0x08003a18   0x08003a18   0x0000003c   Code   RO         4543    i.messageToApp      bluetooth.o
    0x08003a54   0x08003a54   0x0000001a   Code   RO         4435    i.messageUpload     wifi.o
    0x08003a6e   0x08003a6e   0x00000002   PAD
    0x08003a70   0x08003a70   0x0000011c   Code   RO         4436    i.netWorkCommand    wifi.o
    0x08003b8c   0x08003b8c   0x00000014   Code   RO         4768    i.openLight         light.o
    0x08003ba0   0x08003ba0   0x00000014   Code   RO         4798    i.openWarningTone   warningtone.o
    0x08003bb4   0x08003bb4   0x00000038   Code   RO         4390    i.printf1           pc.o
    0x08003bec   0x08003bec   0x000000cc   Code   RO         3908    i.prvAddCurrentTaskToDelayedList  tasks.o
    0x08003cb8   0x08003cb8   0x000000f8   Code   RO         3909    i.prvAddNewTaskToReadyList  tasks.o
    0x08003db0   0x08003db0   0x00000048   Code   RO         3910    i.prvCheckTasksWaitingTermination  tasks.o
    0x08003df8   0x08003df8   0x0000002a   Code   RO         3564    i.prvCopyDataFromQueue  queue.o
    0x08003e22   0x08003e22   0x0000006a   Code   RO         3565    i.prvCopyDataToQueue  queue.o
    0x08003e8c   0x08003e8c   0x00000068   Code   RO         3911    i.prvCreateIdleTasks  tasks.o
    0x08003ef4   0x08003ef4   0x0000005a   Code   RO         3912    i.prvCreateTask     tasks.o
    0x08003f4e   0x08003f4e   0x00000012   Code   RO         3913    i.prvDeleteTCB      tasks.o
    0x08003f60   0x08003f60   0x0000006c   Code   RO         3384    i.prvHeapInit       heap_4.o
    0x08003fcc   0x08003fcc   0x00000028   Code   RO         3914    i.prvIdleTask       tasks.o
    0x08003ff4   0x08003ff4   0x0000002a   Code   RO         3566    i.prvInitialiseNewQueue  queue.o
    0x0800401e   0x0800401e   0x00000088   Code   RO         3915    i.prvInitialiseNewTask  tasks.o
    0x080040a6   0x080040a6   0x00000002   PAD
    0x080040a8   0x080040a8   0x00000068   Code   RO         3916    i.prvInitialiseTaskLists  tasks.o
    0x08004110   0x08004110   0x00000068   Code   RO         3385    i.prvInsertBlockIntoFreeList  heap_4.o
    0x08004178   0x08004178   0x0000001a   Code   RO         3567    i.prvIsQueueEmpty   queue.o
    0x08004192   0x08004192   0x0000001e   Code   RO         3568    i.prvIsQueueFull    queue.o
    0x080041b0   0x080041b0   0x00000030   Code   RO         3918    i.prvResetNextTaskUnblockTime  tasks.o
    0x080041e0   0x080041e0   0x00000016   Code   RO         3495    i.prvTaskExitError  port.o
    0x080041f6   0x080041f6   0x0000007e   Code   RO         3569    i.prvUnlockQueue    queue.o
    0x08004274   0x08004274   0x00000100   Code   RO         3387    i.pvPortMalloc      heap_4.o
    0x08004374   0x08004374   0x00000024   Code   RO         3496    i.pxPortInitialiseStack  port.o
    0x08004398   0x08004398   0x00000074   Code   RO         4544    i.readBlueTooth     bluetooth.o
    0x0800440c   0x0800440c   0x00000018   Code   RO         4591    i.readFlash         flash.o
    0x08004424   0x08004424   0x000000f4   Code   RO         4437    i.sendToALIYun      wifi.o
    0x08004518   0x08004518   0x0000002c   Code   RO         4592    i.setFlash          flash.o
    0x08004544   0x08004544   0x0000001c   Code   RO         4799    i.startTone         warningtone.o
    0x08004560   0x08004560   0x000000a0   Code   RO         4438    i.tcpCommand        wifi.o
    0x08004600   0x08004600   0x00000084   Code   RO         4893    i.tipsTask          main.o
    0x08004684   0x08004684   0x00000028   Code   RO         3457    i.uxListRemove      list.o
    0x080046ac   0x080046ac   0x0000000c   Code   RO         3923    i.uxTaskGetNumberOfTasks  tasks.o
    0x080046b8   0x080046b8   0x0000001a   Code   RO         3458    i.vListInitialise   list.o
    0x080046d2   0x080046d2   0x00000006   Code   RO         3459    i.vListInitialiseItem  list.o
    0x080046d8   0x080046d8   0x00000034   Code   RO         3460    i.vListInsert       list.o
    0x0800470c   0x0800470c   0x00000024   Code   RO         3498    i.vPortEnterCritical  port.o
    0x08004730   0x08004730   0x00000020   Code   RO         3499    i.vPortExitCritical  port.o
    0x08004750   0x08004750   0x0000004c   Code   RO         3388    i.vPortFree         heap_4.o
    0x0800479c   0x0800479c   0x00000018   Code   RO         3500    i.vPortSetupTimerInterrupt  port.o
    0x080047b4   0x080047b4   0x00000034   Code   RO         3929    i.vTaskDelay        tasks.o
    0x080047e8   0x080047e8   0x00000018   Code   RO         3934    i.vTaskInternalSetTimeOutState  tasks.o
    0x08004800   0x08004800   0x0000000c   Code   RO         3935    i.vTaskMissedYield  tasks.o
    0x0800480c   0x0800480c   0x00000020   Code   RO         3936    i.vTaskPlaceOnEventList  tasks.o
    0x0800482c   0x0800482c   0x0000004c   Code   RO         3944    i.vTaskStartScheduler  tasks.o
    0x08004878   0x08004878   0x00000010   Code   RO         3946    i.vTaskSuspendAll   tasks.o
    0x08004888   0x08004888   0x00000068   Code   RO         3947    i.vTaskSwitchContext  tasks.o
    0x080048f0   0x080048f0   0x0000001a   Code   RO         4439    i.wifiSendAtCommand  wifi.o
    0x0800490a   0x0800490a   0x00000002   PAD
    0x0800490c   0x0800490c   0x00000020   Code   RO         4440    i.wifiSendByte      wifi.o
    0x0800492c   0x0800492c   0x00000034   Code   RO         3501    i.xPortStartScheduler  port.o
    0x08004960   0x08004960   0x0000004c   Code   RO         3579    i.xQueueGenericCreate  queue.o
    0x080049ac   0x080049ac   0x000000a0   Code   RO         3580    i.xQueueGenericReset  queue.o
    0x08004a4c   0x08004a4c   0x00000118   Code   RO         3581    i.xQueueGenericSend  queue.o
    0x08004b64   0x08004b64   0x0000009a   Code   RO         3582    i.xQueueGenericSendFromISR  queue.o
    0x08004bfe   0x08004bfe   0x00000002   PAD
    0x08004c00   0x08004c00   0x00000104   Code   RO         3588    i.xQueueReceive     queue.o
    0x08004d04   0x08004d04   0x00000060   Code   RO         3949    i.xTaskCheckForTimeOut  tasks.o
    0x08004d64   0x08004d64   0x00000038   Code   RO         3950    i.xTaskCreate       tasks.o
    0x08004d9c   0x08004d9c   0x0000000c   Code   RO         3958    i.xTaskGetTickCount  tasks.o
    0x08004da8   0x08004da8   0x000001a0   Code   RO         3960    i.xTaskIncrementTick  tasks.o
    0x08004f48   0x08004f48   0x00000118   Code   RO         3961    i.xTaskRemoveFromEventList  tasks.o
    0x08005060   0x08005060   0x0000017c   Code   RO         3962    i.xTaskResumeAll    tasks.o
    0x080051dc   0x080051dc   0x0000002c   Code   RO         5162    locale$$code        c_w.l(lc_numeric_c.o)
    0x08005208   0x08005208   0x0000002c   Code   RO         5183    locale$$code        c_w.l(lc_ctype_c.o)
    0x08005234   0x08005234   0x00000004   Code   RO         5089    x$fpl$printf1       fz_ws.l(printf1.o)
    0x08005238   0x08005238   0x00000004   Code   RO         5091    x$fpl$printf2       fz_ws.l(printf2.o)
    0x0800523c   0x0800523c   0x00000000   Code   RO         5174    x$fpl$usenofp       fz_ws.l(usenofp.o)
    0x0800523c   0x0800523c   0x00000011   Data   RO         4996    .constdata          c_w.l(__printf_flags_ss_wp.o)
    0x0800524d   0x0800524d   0x00000003   PAD
    0x08005250   0x08005250   0x00000008   Data   RO         5035    .constdata          c_w.l(_printf_wctomb.o)
    0x08005258   0x08005258   0x00000028   Data   RO         5064    .constdata          c_w.l(_printf_hex_int_ll_ptr.o)
    0x08005280   0x08005280   0x00000026   Data   RO         5117    .constdata          c_w.l(_printf_fp_hex.o)
    0x080052a6   0x080052a6   0x00000002   PAD
    0x080052a8   0x080052a8   0x00000094   Data   RO         5137    .constdata          c_w.l(bigflt0.o)
    0x0800533c   0x0800533c   0x00000020   Data   RO         5309    Region$$Table       anon$$obj.o
    0x0800535c   0x0800535c   0x0000001c   Data   RO         5161    locale$$data        c_w.l(lc_numeric_c.o)
    0x08005378   0x08005378   0x00000110   Data   RO         5182    locale$$data        c_w.l(lc_ctype_c.o)


    Execution Region RW_IRAM1 (Exec base: 0x20000000, Load base: 0x08005488, Size: 0x000047b0, Max: 0x00005000, ABSOLUTE)

    Exec Addr    Load Addr    Size         Type   Attr      Idx    E Section Name        Object

    0x20000000   0x08005488   0x00000014   Data   RW         1850    .data               stm32f10x_rcc.o
    0x20000014   0x0800549c   0x0000001c   Data   RW         3395    .data               heap_4.o
    0x20000030   0x080054b8   0x00000004   Data   RW         3502    .data               port.o
    0x20000034   0x080054bc   0x00000040   Data   RW         3965    .data               tasks.o
    0x20000074   0x080054fc   0x00000004   Data   RW         4834    .data               reset.o
    0x20000078   0x08005500   0x0000000c   Data   RW         4894    .data               main.o
    0x20000084        -       0x00003c00   Zero   RW         3394    .bss                heap_4.o
    0x20003c84        -       0x000000c8   Zero   RW         3964    .bss                tasks.o
    0x20003d4c        -       0x00000060   Zero   RW         5178    .bss                c_w.l(libspace.o)
    0x20003dac   0x0800550c   0x00000004   PAD
    0x20003db0        -       0x00000200   Zero   RW           18    HEAP                startup_stm32f10x_md.o
    0x20003fb0        -       0x00000800   Zero   RW           17    STACK               startup_stm32f10x_md.o


==============================================================================

Image component sizes


      Code (inc. data)   RO Data    RW Data    ZI Data      Debug   Object Name

       464         84          0          0          0       3185   bluetooth.o
         0          0          0          0          0       4556   core_cm3.o
         0          0          0          0          0       9024   croutine.o
       110          0          0          0          0       6099   delay.o
        32          0          0          0          0        430   dog.o
         0          0          0          0          0      15176   event_groups.o
       128         20          0          0          0       2420   flash.o
       544         58          0         28      15360       4575   heap_4.o
       128         12          0          0          0        455   init.o
       128         16          0          0          0       1824   light.o
       124          0          0          0          0       2421   list.o
       460        138          0         12          0       2030   main.o
       132         22          0          0          0     215751   misc.o
       578         16          0          0          0       4304   oled.o
       320         24          0          0          0       2702   pc.o
       404         48          0          4          0       8400   port.o
      1302         12          0          0          0      12838   queue.o
       284         42          0          4          0      16623   reset.o
       388        112          0          0          0       1633   sensor.o
        64         26        236          0       2560        780   startup_stm32f10x_md.o
       394         10          0          0          0      17937   stm32f10x_adc.o
       188         12          0          0          0       3499   stm32f10x_exti.o
       318         32          0          0          0      10678   stm32f10x_flash.o
       396          4          0          0          0      13251   stm32f10x_gpio.o
        20          0          0          0          0       2381   stm32f10x_it.o
        68         30          0          0          0       2150   stm32f10x_iwdg.o
       300         38          0         20          0      13293   stm32f10x_rcc.o
       198         42          0          0          0      22767   stm32f10x_tim.o
       472          6          0          0          0      12191   stm32f10x_usart.o
       328         28          0          0          0      45073   system_stm32f10x.o
      2632        328          0         64        200      32254   tasks.o
       148          0          0          0          0       1451   utils.o
       160         24          0          0          0       2336   warningtone.o
      2144        612          0          0          0       9394   wifi.o

    ----------------------------------------------------------------------
     13382       1796        268        132      18120     503881   Object Totals
         0          0         32          0          0          0   (incl. Generated)
        26          0          0          0          0          0   (incl. Padding)

    ----------------------------------------------------------------------

      Code (inc. data)   RO Data    RW Data    ZI Data      Debug   Library Member Name

        44          6          0          0          0         84   __2sprintf.o
         8          0          0          0          0         68   __main.o
       392          4         17          0          0         92   __printf_flags_ss_wp.o
        14          0          0          0          0         68   __printf_wp.o
         0          0          0          0          0          0   __rtentry.o
        12          0          0          0          0          0   __rtentry2.o
         6          0          0          0          0          0   __rtentry4.o
        52          8          0          0          0          0   __scatter.o
        26          0          0          0          0          0   __scatter_copy.o
        28          0          0          0          0          0   __scatter_zi.o
         6          0          0          0          0          0   _printf_a.o
         6          0          0          0          0          0   _printf_c.o
        44          0          0          0          0        108   _printf_char.o
        48          6          0          0          0         96   _printf_char_common.o
        40          0          0          0          0         68   _printf_charcount.o
         6          0          0          0          0          0   _printf_d.o
       120         16          0          0          0         92   _printf_dec.o
         6          0          0          0          0          0   _printf_e.o
         6          0          0          0          0          0   _printf_f.o
      1054          0          0          0          0        216   _printf_fp_dec.o
       764          8         38          0          0        100   _printf_fp_hex.o
       128         16          0          0          0         84   _printf_fp_infnan.o
         6          0          0          0          0          0   _printf_g.o
       148          4         40          0          0        160   _printf_hex_int_ll_ptr.o
         6          0          0          0          0          0   _printf_i.o
       178          0          0          0          0         88   _printf_intcommon.o
        10          0          0          0          0          0   _printf_l.o
         6          0          0          0          0          0   _printf_lc.o
        10          0          0          0          0          0   _printf_ll.o
         6          0          0          0          0          0   _printf_lld.o
         6          0          0          0          0          0   _printf_lli.o
         6          0          0          0          0          0   _printf_llo.o
         6          0          0          0          0          0   _printf_llu.o
         6          0          0          0          0          0   _printf_llx.o
       124         16          0          0          0         92   _printf_longlong_dec.o
         6          0          0          0          0          0   _printf_ls.o
         6          0          0          0          0          0   _printf_n.o
         6          0          0          0          0          0   _printf_o.o
       112         10          0          0          0        124   _printf_oct_int_ll.o
         6          0          0          0          0          0   _printf_p.o
        78          0          0          0          0        108   _printf_pad.o
         0          0          0          0          0          0   _printf_percent.o
         4          0          0          0          0          0   _printf_percent_end.o
         6          0          0          0          0          0   _printf_s.o
        82          0          0          0          0         80   _printf_str.o
        36          0          0          0          0         84   _printf_truncate.o
         6          0          0          0          0          0   _printf_u.o
        44          0          0          0          0        108   _printf_wchar.o
       188          6          8          0          0         92   _printf_wctomb.o
         6          0          0          0          0          0   _printf_x.o
        10          0          0          0          0         68   _sputc.o
        64          0          0          0          0         92   _wcrtomb.o
        16          0          0          0          0         68   aeabi_memset.o
       228          4        148          0          0         96   bigflt0.o
      1936        128          0          0          0        672   btod.o
        18          0          0          0          0         80   exit.o
         6          0          0          0          0        152   heapauxi.o
         0          0          0          0          0          0   indicate_semi.o
        44         10        272          0          0         76   lc_ctype_c.o
        44         10         28          0          0         76   lc_numeric_c.o
         2          0          0          0          0          0   libinit.o
        30          0          0          0          0          0   libinit2.o
         2          0          0          0          0          0   libshutdown.o
         2          0          0          0          0          0   libshutdown2.o
         8          4          0          0         96         68   libspace.o
       138          0          0          0          0         80   lludiv10.o
        16          4          0          0          0         76   rt_ctype_table.o
         8          4          0          0          0         68   rt_locale_intlibspace.o
        68          0          0          0          0         68   rt_memclr.o
        78          0          0          0          0         80   rt_memclr_w.o
       138          0          0          0          0         68   rt_memcpy_v6.o
       100          0          0          0          0         80   rt_memcpy_w.o
         2          0          0          0          0          0   rtexit.o
        10          0          0          0          0          0   rtexit2.o
        24          0          0          0          0         68   strcat.o
       128          0          0          0          0         68   strcmpv7m.o
        62          0          0          0          0         76   strlen.o
       150          0          0          0          0         80   strncmp.o
        12          4          0          0          0         68   sys_exit.o
        74          0          0          0          0         80   sys_stackheap_outer.o
         2          0          0          0          0         68   use_no_semi.o
        36          4          0          0          0         76   vsprintf.o
         4          0          0          0          0         68   printf1.o
         4          0          0          0          0         68   printf2.o
         0          0          0          0          0          0   usenofp.o
        40          0          0          0          0         68   fpclassify.o

    ----------------------------------------------------------------------
      7434        272        556          0        100       4768   Library Totals
        16          0          5          0          4          0   (incl. Padding)

    ----------------------------------------------------------------------

      Code (inc. data)   RO Data    RW Data    ZI Data      Debug   Library Name

      7370        272        551          0         96       4564   c_w.l
         8          0          0          0          0        136   fz_ws.l
        40          0          0          0          0         68   m_ws.l

    ----------------------------------------------------------------------
      7434        272        556          0        100       4768   Library Totals

    ----------------------------------------------------------------------

==============================================================================


      Code (inc. data)   RO Data    RW Data    ZI Data      Debug   

     20816       2068        824        132      18220     497205   Grand Totals
     20816       2068        824        132      18220     497205   ELF Image Totals
     20816       2068        824        132          0          0   ROM Totals

==============================================================================

    Total RO  Size (Code + RO Data)                21640 (  21.13kB)
    Total RW  Size (RW Data + ZI Data)             18352 (  17.92kB)
    Total ROM Size (Code + RO Data + RW Data)      21772 (  21.26kB)

==============================================================================

